Archive member included because of file (symbol)

.\CortexM3\ARM_GCC_493\Debug\ZumoBot.a(cyfitter_cfg.o)
                              .\CortexM3\ARM_GCC_493\Debug\Cm3Start.o (cyfitter_cfg)
.\CortexM3\ARM_GCC_493\Debug\ZumoBot.a(PWM.o)
                              .\CortexM3\ARM_GCC_493\Debug\Motor.o (PWM_Stop)
.\CortexM3\ARM_GCC_493\Debug\ZumoBot.a(I2C.o)
                              .\CortexM3\ARM_GCC_493\Debug\Nunchuk.o (I2C_Start)
.\CortexM3\ARM_GCC_493\Debug\ZumoBot.a(I2C_INT.o)
                              .\CortexM3\ARM_GCC_493\Debug\ZumoBot.a(I2C.o) (I2C_ISR)
.\CortexM3\ARM_GCC_493\Debug\ZumoBot.a(I2C_PM.o)
                              .\CortexM3\ARM_GCC_493\Debug\ZumoBot.a(I2C.o) (I2C_backup)
.\CortexM3\ARM_GCC_493\Debug\ZumoBot.a(I2C_MASTER.o)
                              .\CortexM3\ARM_GCC_493\Debug\I2C_made.o (I2C_MasterWriteBuf)
.\CortexM3\ARM_GCC_493\Debug\ZumoBot.a(CyLib.o)
                              .\CortexM3\ARM_GCC_493\Debug\Cm3Start.o (CyHalt)
.\CortexM3\ARM_GCC_493\Debug\ZumoBot.a(cyPm.o)
                              .\CortexM3\ARM_GCC_493\Debug\ZumoBot.a(CyLib.o) (CyPmReadStatus)
.\CortexM3\ARM_GCC_493\Debug\ZumoBot.a(MotorDirLeft.o)
                              .\CortexM3\ARM_GCC_493\Debug\Motor.o (MotorDirLeft_Write)
.\CortexM3\ARM_GCC_493\Debug\ZumoBot.a(MotorDirRight.o)
                              .\CortexM3\ARM_GCC_493\Debug\Motor.o (MotorDirRight_Write)
.\CortexM3\ARM_GCC_493\Debug\ZumoBot.a(IR_led.o)
                              .\CortexM3\ARM_GCC_493\Debug\main.o (IR_led_Write)
.\CortexM3\ARM_GCC_493\Debug\ZumoBot.a(sensor_isr.o)
                              .\CortexM3\ARM_GCC_493\Debug\main.o (sensor_isr_StartEx)
.\CortexM3\ARM_GCC_493\Debug\ZumoBot.a(UART_1.o)
                              .\CortexM3\ARM_GCC_493\Debug\main.o (UART_1_Start)
.\CortexM3\ARM_GCC_493\Debug\ZumoBot.a(ADC_Battery.o)
                              .\CortexM3\ARM_GCC_493\Debug\main.o (ADC_Battery_Start)
.\CortexM3\ARM_GCC_493\Debug\ZumoBot.a(ADC_Battery_INT.o)
                              .\CortexM3\ARM_GCC_493\Debug\ZumoBot.a(ADC_Battery.o) (ADC_Battery_ISR)
.\CortexM3\ARM_GCC_493\Debug\ZumoBot.a(BatteryLed.o)
                              .\CortexM3\ARM_GCC_493\Debug\main.o (BatteryLed_Write)
.\CortexM3\ARM_GCC_493\Debug\ZumoBot.a(IR_receiver.o)
                              .\CortexM3\ARM_GCC_493\Debug\IR.o (IR_receiver_Read)
.\CortexM3\ARM_GCC_493\Debug\ZumoBot.a(Trig.o)
                              .\CortexM3\ARM_GCC_493\Debug\Ultra.o (Trig_Write)
.\CortexM3\ARM_GCC_493\Debug\ZumoBot.a(Timer.o)
                              .\CortexM3\ARM_GCC_493\Debug\Ultra.o (Timer_Stop)
.\CortexM3\ARM_GCC_493\Debug\ZumoBot.a(Echo.o)
                              .\CortexM3\ARM_GCC_493\Debug\Ultra.o (Echo_Read)
.\CortexM3\ARM_GCC_493\Debug\ZumoBot.a(ultra_isr.o)
                              .\CortexM3\ARM_GCC_493\Debug\Ultra.o (ultra_isr_StartEx)
.\CortexM3\ARM_GCC_493\Debug\ZumoBot.a(UART_1_IntClock.o)
                              .\CortexM3\ARM_GCC_493\Debug\ZumoBot.a(UART_1.o) (UART_1_IntClock_Start)
.\CortexM3\ARM_GCC_493\Debug\ZumoBot.a(ADC_Battery_theACLK.o)
                              .\CortexM3\ARM_GCC_493\Debug\ZumoBot.a(ADC_Battery.o) (ADC_Battery_theACLK_SetModeRegister)
.\CortexM3\ARM_GCC_493\Debug\ZumoBot.a(Buzzer_PWM.o)
                              .\CortexM3\ARM_GCC_493\Debug\Beep.o (Buzzer_PWM_Stop)
.\CortexM3\ARM_GCC_493\Debug\ZumoBot.a(L3.o)
                              .\CortexM3\ARM_GCC_493\Debug\Reflectance.o (L3_Write)
.\CortexM3\ARM_GCC_493\Debug\ZumoBot.a(Timer_L3.o)
                              .\CortexM3\ARM_GCC_493\Debug\Reflectance.o (Timer_L3_ReadStatusRegister)
.\CortexM3\ARM_GCC_493\Debug\ZumoBot.a(Timer_R3.o)
                              .\CortexM3\ARM_GCC_493\Debug\Reflectance.o (Timer_R3_ReadStatusRegister)
.\CortexM3\ARM_GCC_493\Debug\ZumoBot.a(Timer_R1.o)
                              .\CortexM3\ARM_GCC_493\Debug\Reflectance.o (Timer_R1_ReadStatusRegister)
.\CortexM3\ARM_GCC_493\Debug\ZumoBot.a(R1.o)
                              .\CortexM3\ARM_GCC_493\Debug\Reflectance.o (R1_Write)
.\CortexM3\ARM_GCC_493\Debug\ZumoBot.a(R3.o)
                              .\CortexM3\ARM_GCC_493\Debug\Reflectance.o (R3_Write)
.\CortexM3\ARM_GCC_493\Debug\ZumoBot.a(Timer_L1.o)
                              .\CortexM3\ARM_GCC_493\Debug\Reflectance.o (Timer_L1_ReadStatusRegister)
.\CortexM3\ARM_GCC_493\Debug\ZumoBot.a(L1.o)
                              .\CortexM3\ARM_GCC_493\Debug\Reflectance.o (L1_Write)
.\CortexM3\ARM_GCC_493\Debug\ZumoBot.a(CyBootAsmGnu.o)
                              .\CortexM3\ARM_GCC_493\Debug\ZumoBot.a(cyfitter_cfg.o) (CyDelayCycles)
.\CortexM3\ARM_GCC_493\Debug\ZumoBot.a(CyFlash.o)
                              .\CortexM3\ARM_GCC_493\Debug\ZumoBot.a(cyPm.o) (CyFlash_SetWaitCycles)
.\CortexM3\ARM_GCC_493\Debug\ZumoBot.a(CySpc.o)
                              .\CortexM3\ARM_GCC_493\Debug\ZumoBot.a(CyFlash.o) (CySpcStart)
[...]
Memory Configuration

Name             Origin             Length             Attributes
rom              0x00000000         0x00040000         xr
ram              0x1fff8000         0x00010000         xrw
*default*        0x00000000         0xffffffff

Linker script and memory map

LOAD c:/program files (x86)/cypress/psoc creator/4.0/psoc creator/import/gnu/arm/4.9.3/bin/../lib/gcc/arm-none-eabi/4.9.3/armv7-m/crti.o
LOAD c:/program files (x86)/cypress/psoc creator/4.0/psoc creator/import/gnu/arm/4.9.3/bin/../lib/gcc/arm-none-eabi/4.9.3/armv7-m/crtbegin.o
LOAD c:/program files (x86)/cypress/psoc creator/4.0/psoc creator/import/gnu/arm/4.9.3/bin/../lib/gcc/arm-none-eabi/4.9.3/../../../../arm-none-eabi/lib/armv7-m/crt0.o
START GROUP
LOAD .\CortexM3\ARM_GCC_493\Debug\main.o
LOAD .\CortexM3\ARM_GCC_493\Debug\Accel.o
LOAD .\CortexM3\ARM_GCC_493\Debug\Ambient.o
LOAD .\CortexM3\ARM_GCC_493\Debug\Gyro.o
LOAD .\CortexM3\ARM_GCC_493\Debug\I2C_made.o
LOAD .\CortexM3\ARM_GCC_493\Debug\IR.o
LOAD .\CortexM3\ARM_GCC_493\Debug\Magnet.o
LOAD .\CortexM3\ARM_GCC_493\Debug\Motor.o
LOAD .\CortexM3\ARM_GCC_493\Debug\Nunchuk.o
LOAD .\CortexM3\ARM_GCC_493\Debug\Reflectance.o
LOAD .\CortexM3\ARM_GCC_493\Debug\Ultra.o
LOAD .\CortexM3\ARM_GCC_493\Debug\Beep.o
LOAD .\CortexM3\ARM_GCC_493\Debug\cymetadata.o
LOAD .\CortexM3\ARM_GCC_493\Debug\Cm3Start.o
LOAD .\CortexM3\ARM_GCC_493\Debug\ZumoBot.a
LOAD C:\Program Files (x86)\Cypress\PSoC Creator\4.0\PSoC Creator\psoc\content\cycomponentlibrary\CyComponentLibrary.cylib\CortexM3\ARM_GCC_493\Debug\CyComponentLibrary.a
LOAD c:/program files (x86)/cypress/psoc creator/4.0/psoc creator/import/gnu/arm/4.9.3/bin/../lib/gcc/arm-none-eabi/4.9.3/../../../../arm-none-eabi/lib/armv7-m\libm.a
END GROUP
START GROUP
LOAD c:/program files (x86)/cypress/psoc creator/4.0/psoc creator/import/gnu/arm/4.9.3/bin/../lib/gcc/arm-none-eabi/4.9.3/armv7-m\libgcc.a
LOAD c:/program files (x86)/cypress/psoc creator/4.0/psoc creator/import/gnu/arm/4.9.3/bin/../lib/gcc/arm-none-eabi/4.9.3/../../../../arm-none-eabi/lib/armv7-m\libg.a
LOAD c:/program files (x86)/cypress/psoc creator/4.0/psoc creator/import/gnu/arm/4.9.3/bin/../lib/gcc/arm-none-eabi/4.9.3/../../../../arm-none-eabi/lib/armv7-m\libc.a
END GROUP
LOAD c:/program files (x86)/cypress/psoc creator/4.0/psoc creator/import/gnu/arm/4.9.3/bin/../lib/gcc/arm-none-eabi/4.9.3/armv7-m/crtend.o
LOAD c:/program files (x86)/cypress/psoc creator/4.0/psoc creator/import/gnu/arm/4.9.3/bin/../lib/gcc/arm-none-eabi/4.9.3/armv7-m/crtn.o
START GROUP
LOAD c:/program files (x86)/cypress/psoc creator/4.0/psoc creator/import/gnu/arm/4.9.3/bin/../lib/gcc/arm-none-eabi/4.9.3/armv7-m\libgcc.a
LOAD c:/program files (x86)/cypress/psoc creator/4.0/psoc creator/import/gnu/arm/4.9.3/bin/../lib/gcc/arm-none-eabi/4.9.3/../../../../arm-none-eabi/lib/armv7-m\libc.a
LOAD c:/program files (x86)/cypress/psoc creator/4.0/psoc creator/import/gnu/arm/4.9.3/bin/../lib/gcc/arm-none-eabi/4.9.3/../../../../arm-none-eabi/lib/armv7-m\libnosys.a
END GROUP
                0x00000000                CY_APPL_ORIGIN = 0x0
                0x00000100                CY_FLASH_ROW_SIZE = 0x100
                0x00000020                CY_ECC_ROW_SIZE = 0x20
                0x00000000                CY_EE_IN_BTLDR = 0x0
                0x00000000                CY_APPL_LOADABLE = 0x0
                0x00000800                CY_EE_SIZE = 0x800
                0x00000001                CY_APPL_NUM = 0x1
                0x00000001                CY_APPL_MAX = 0x1
                0x00000040                CY_METADATA_SIZE = 0x40
                0x00000000                CY_APPL_LOADABLE = 0x0
                0x00000000                CY_CHECKSUM_EXCLUDE_SIZE = ALIGN (0x0, CY_FLASH_ROW_SIZE)
                0x1fff8598                PROVIDE (__cy_heap_start, _end)
                0x00000001                PROVIDE (__cy_region_num, ((__cy_regions_end - __cy_regions) / 0x10))
                0x20008000                PROVIDE (__cy_stack, (ORIGIN (ram) + 0x10000))
                0x20007800                PROVIDE (__cy_heap_end, (__cy_stack - 0x800))

.cybootloader   0x00000000        0x0
 *(.cybootloader)
                0x00000000                appl1_start = CY_APPL_ORIGIN?CY_APPL_ORIGIN:ALIGN (CY_FLASH_ROW_SIZE)
                0x0001ff00                appl2_start = (appl1_start + ALIGN ((((0x40000 - appl1_start) - (0x2 * CY_FLASH_ROW_SIZE)) / 0x2), CY_FLASH_ROW_SIZE))
                0x00000000                appl_start = (CY_APPL_NUM == 0x1)?appl1_start:appl2_start
                0x00000000                ecc_offset = ((appl_start / CY_FLASH_ROW_SIZE) * CY_ECC_ROW_SIZE)
                0x00000000                ee_offset = (CY_APPL_LOADABLE && ! (CY_EE_IN_BTLDR))?((CY_EE_SIZE / CY_APPL_MAX) * (CY_APPL_NUM - 0x1)):0x0
                0x00000800                ee_size = (CY_APPL_LOADABLE && ! (CY_EE_IN_BTLDR))?(CY_EE_SIZE / CY_APPL_MAX):CY_EE_SIZE
                0x00000000                PROVIDE (CY_ECC_OFFSET, ecc_offset)

.text           0x00000000     0x1b94
 CREATE_OBJECT_SYMBOLS
                0x00000000                PROVIDE (__cy_interrupt_vector, RomVectors)
 *(.romvectors)
 .romvectors    0x00000000       0x10 .\CortexM3\ARM_GCC_493\Debug\Cm3Start.o
                0x00000000                RomVectors
                0x00000001                ASSERT ((. != __cy_interrupt_vector), No interrupt vector)
                0x00000001                ASSERT (CY_APPL_ORIGIN?(SIZEOF (.cybootloader) <= CY_APPL_ORIGIN):0x1, Wrong image location)
                0x00000010                PROVIDE (__cy_reset, Reset)
 *(.text.Reset)
 .text.Reset    0x00000010       0x18 .\CortexM3\ARM_GCC_493\Debug\Cm3Start.o
                0x00000010                Reset
                0x00000001                ASSERT ((. != __cy_reset), No reset code)
 *(.dma_init)
                0x00000001                ASSERT ((((appl_start + .) <= 0x10000) || 0x1), DMA Init must be within the first 64k of flash)
 *(.text .text.* .gnu.linkonce.t.*)
 .text          0x00000028       0x5c c:/program files (x86)/cypress/psoc creator/4.0/psoc creator/import/gnu/arm/4.9.3/bin/../lib/gcc/arm-none-eabi/4.9.3/armv7-m/crtbegin.o
 .text.checkBattery
                0x00000084       0x24 .\CortexM3\ARM_GCC_493\Debug\main.o
                0x00000084                checkBattery
 .text.main     0x000000a8      0x230 .\CortexM3\ARM_GCC_493\Debug\main.o
                0x000000a8                main
 .text.wait_going_down
                0x000002d8        0xc .\CortexM3\ARM_GCC_493\Debug\IR.o
                0x000002d8                wait_going_down
 .text.count_downtime
                0x000002e4       0x14 .\CortexM3\ARM_GCC_493\Debug\IR.o
                0x000002e4                count_downtime
 .text.count_uptime
                0x000002f8       0x14 .\CortexM3\ARM_GCC_493\Debug\IR.o
                0x000002f8                count_uptime
 .text.get_IR   0x0000030c       0x6c .\CortexM3\ARM_GCC_493\Debug\IR.o
                0x0000030c                get_IR
 .text.motor_start
                0x00000378        0x8 .\CortexM3\ARM_GCC_493\Debug\Motor.o
                0x00000378                motor_start
 .text.motor_stop
                0x00000380        0x8 .\CortexM3\ARM_GCC_493\Debug\Motor.o
                0x00000380                motor_stop
 .text.motor_forward
                0x00000388       0x28 .\CortexM3\ARM_GCC_493\Debug\Motor.o
                0x00000388                motor_forward
 .text.motor_turn
                0x000003b0       0x18 .\CortexM3\ARM_GCC_493\Debug\Motor.o
                0x000003b0                motor_turn
 .text.sensor_isr_handler
                0x000003c8      0x108 .\CortexM3\ARM_GCC_493\Debug\Reflectance.o
                0x000003c8                sensor_isr_handler
 .text.reflectance_start
                0x000004d0       0x20 .\CortexM3\ARM_GCC_493\Debug\Reflectance.o
                0x000004d0                reflectance_start
 .text.reflectance_read
                0x000004f0       0x10 .\CortexM3\ARM_GCC_493\Debug\Reflectance.o
                0x000004f0                reflectance_read
 .text.reflectance_digital
                0x00000500       0x6c .\CortexM3\ARM_GCC_493\Debug\Reflectance.o
                0x00000500                reflectance_digital
 .text.IntDefaultHandler
                0x0000056c       0x10 .\CortexM3\ARM_GCC_493\Debug\Cm3Start.o
                0x0000056c                IntDefaultHandler
 .text.Start_c  0x0000057c       0x4c .\CortexM3\ARM_GCC_493\Debug\Cm3Start.o
                0x0000057c                Start_c
 .text.initialize_psoc
                0x000005c8       0x74 .\CortexM3\ARM_GCC_493\Debug\Cm3Start.o
                0x000005c8                initialize_psoc
 .text.CyClockStartupError
                0x0000063c        0x4 .\CortexM3\ARM_GCC_493\Debug\ZumoBot.a(cyfitter_cfg.o)
 .text.cfg_write_bytes32
                0x00000640       0x34 .\CortexM3\ARM_GCC_493\Debug\ZumoBot.a(cyfitter_cfg.o)
 .text.CYMEMZERO
                0x00000674        0xc .\CortexM3\ARM_GCC_493\Debug\ZumoBot.a(cyfitter_cfg.o)
 .text.ClockSetup
                0x00000680       0xf0 .\CortexM3\ARM_GCC_493\Debug\ZumoBot.a(cyfitter_cfg.o)
 .text.AnalogSetDefault
                0x00000770       0x80 .\CortexM3\ARM_GCC_493\Debug\ZumoBot.a(cyfitter_cfg.o)
 .text.CYCONFIGCPY
                0x000007f0        0x8 .\CortexM3\ARM_GCC_493\Debug\ZumoBot.a(cyfitter_cfg.o)
 .text.cyfitter_cfg
                0x000007f8      0x144 .\CortexM3\ARM_GCC_493\Debug\ZumoBot.a(cyfitter_cfg.o)
                0x000007f8                cyfitter_cfg
 .text.PWM_Enable
                0x0000093c       0x10 .\CortexM3\ARM_GCC_493\Debug\ZumoBot.a(PWM.o)
                0x0000093c                PWM_Enable
 .text.PWM_Stop
                0x0000094c       0x10 .\CortexM3\ARM_GCC_493\Debug\ZumoBot.a(PWM.o)
                0x0000094c                PWM_Stop
 .text.PWM_WriteCounter
                0x0000095c        0xc .\CortexM3\ARM_GCC_493\Debug\ZumoBot.a(PWM.o)
                0x0000095c                PWM_WriteCounter
 .text.PWM_WritePeriod
                0x00000968        0xc .\CortexM3\ARM_GCC_493\Debug\ZumoBot.a(PWM.o)
                0x00000968                PWM_WritePeriod
 .text.PWM_WriteCompare1
                0x00000974        0xc .\CortexM3\ARM_GCC_493\Debug\ZumoBot.a(PWM.o)
                0x00000974                PWM_WriteCompare1
 .text.PWM_WriteCompare2
                0x00000980        0xc .\CortexM3\ARM_GCC_493\Debug\ZumoBot.a(PWM.o)
                0x00000980                PWM_WriteCompare2
 .text.PWM_SetInterruptMode
                0x0000098c        0xc .\CortexM3\ARM_GCC_493\Debug\ZumoBot.a(PWM.o)
                0x0000098c                PWM_SetInterruptMode
 .text.PWM_ReadStatusRegister
                0x00000998        0xc .\CortexM3\ARM_GCC_493\Debug\ZumoBot.a(PWM.o)
                0x00000998                PWM_ReadStatusRegister
 .text.PWM_ReadCapture
                0x000009a4        0xc .\CortexM3\ARM_GCC_493\Debug\ZumoBot.a(PWM.o)
                0x000009a4                PWM_ReadCapture
 .text.PWM_ClearFIFO
                0x000009b0       0x14 .\CortexM3\ARM_GCC_493\Debug\ZumoBot.a(PWM.o)
                0x000009b0                PWM_ClearFIFO
 .text.PWM_Init
                0x000009c4       0x58 .\CortexM3\ARM_GCC_493\Debug\ZumoBot.a(PWM.o)
                0x000009c4                PWM_Init
 .text.PWM_Start
                0x00000a1c       0x1c .\CortexM3\ARM_GCC_493\Debug\ZumoBot.a(PWM.o)
                0x00000a1c                PWM_Start
 .text.CyHalt   0x00000a38        0x4 .\CortexM3\ARM_GCC_493\Debug\ZumoBot.a(CyLib.o)
                0x00000a38                CyHalt
 .text.CyDelay  0x00000a3c       0x2c .\CortexM3\ARM_GCC_493\Debug\ZumoBot.a(CyLib.o)
                0x00000a3c                CyDelay
 .text.CyDelayUs
                0x00000a68       0x14 .\CortexM3\ARM_GCC_493\Debug\ZumoBot.a(CyLib.o)
                0x00000a68                CyDelayUs
 .text.CyIntSetVector
                0x00000a7c       0x28 .\CortexM3\ARM_GCC_493\Debug\ZumoBot.a(CyLib.o)
                0x00000a7c                CyIntSetVector
 .text.CyIntSetPriority
                0x00000aa4       0x30 .\CortexM3\ARM_GCC_493\Debug\ZumoBot.a(CyLib.o)
                0x00000aa4                CyIntSetPriority
 .text.MotorDirLeft_Write
                0x00000ad4       0x18 .\CortexM3\ARM_GCC_493\Debug\ZumoBot.a(MotorDirLeft.o)
                0x00000ad4                MotorDirLeft_Write
 .text.MotorDirRight_Write
                0x00000aec       0x18 .\CortexM3\ARM_GCC_493\Debug\ZumoBot.a(MotorDirRight.o)
                0x00000aec                MotorDirRight_Write
 .text.IR_led_Write
                0x00000b04       0x18 .\CortexM3\ARM_GCC_493\Debug\ZumoBot.a(IR_led.o)
                0x00000b04                IR_led_Write
 .text.sensor_isr_SetVector
                0x00000b1c        0xc .\CortexM3\ARM_GCC_493\Debug\ZumoBot.a(sensor_isr.o)
                0x00000b1c                sensor_isr_SetVector
 .text.sensor_isr_SetPriority
                0x00000b28       0x10 .\CortexM3\ARM_GCC_493\Debug\ZumoBot.a(sensor_isr.o)
                0x00000b28                sensor_isr_SetPriority
 .text.sensor_isr_Enable
                0x00000b38        0xc .\CortexM3\ARM_GCC_493\Debug\ZumoBot.a(sensor_isr.o)
                0x00000b38                sensor_isr_Enable
 .text.sensor_isr_Disable
                0x00000b44        0xc .\CortexM3\ARM_GCC_493\Debug\ZumoBot.a(sensor_isr.o)
                0x00000b44                sensor_isr_Disable
 .text.sensor_isr_StartEx
                0x00000b50       0x1c .\CortexM3\ARM_GCC_493\Debug\ZumoBot.a(sensor_isr.o)
                0x00000b50                sensor_isr_StartEx
 .text.UART_1_Init
                0x00000b6c       0x28 .\CortexM3\ARM_GCC_493\Debug\ZumoBot.a(UART_1.o)
                0x00000b6c                UART_1_Init
 .text.UART_1_Enable
                0x00000b94       0x38 .\CortexM3\ARM_GCC_493\Debug\ZumoBot.a(UART_1.o)
                0x00000b94                UART_1_Enable
 .text.UART_1_Start
                0x00000bcc       0x1c .\CortexM3\ARM_GCC_493\Debug\ZumoBot.a(UART_1.o)
                0x00000bcc                UART_1_Start
 .text.ADC_Battery_CalcGain
                0x00000be8       0x64 .\CortexM3\ARM_GCC_493\Debug\ZumoBot.a(ADC_Battery.o)
 .text.ADC_Battery_Enable
                0x00000c4c       0x94 .\CortexM3\ARM_GCC_493\Debug\ZumoBot.a(ADC_Battery.o)
                0x00000c4c                ADC_Battery_Enable
 .text.ADC_Battery_SetResolution
                0x00000ce0       0x38 .\CortexM3\ARM_GCC_493\Debug\ZumoBot.a(ADC_Battery.o)
                0x00000ce0                ADC_Battery_SetResolution
 .text.ADC_Battery_Init
                0x00000d18       0x3c .\CortexM3\ARM_GCC_493\Debug\ZumoBot.a(ADC_Battery.o)
                0x00000d18                ADC_Battery_Init
 .text.ADC_Battery_Start
                0x00000d54       0x1c .\CortexM3\ARM_GCC_493\Debug\ZumoBot.a(ADC_Battery.o)
                0x00000d54                ADC_Battery_Start
 .text.ADC_Battery_StartConvert
                0x00000d70       0x10 .\CortexM3\ARM_GCC_493\Debug\ZumoBot.a(ADC_Battery.o)
                0x00000d70                ADC_Battery_StartConvert
 .text.ADC_Battery_IsEndConversion
                0x00000d80       0x24 .\CortexM3\ARM_GCC_493\Debug\ZumoBot.a(ADC_Battery.o)
                0x00000d80                ADC_Battery_IsEndConversion
 .text.ADC_Battery_GetResult16
                0x00000da4       0x18 .\CortexM3\ARM_GCC_493\Debug\ZumoBot.a(ADC_Battery.o)
                0x00000da4                ADC_Battery_GetResult16
 .text.ADC_Battery_CountsTo_Volts
                0x00000dbc       0x50 .\CortexM3\ARM_GCC_493\Debug\ZumoBot.a(ADC_Battery.o)
                0x00000dbc                ADC_Battery_CountsTo_Volts
 .text.ADC_Battery_ISR
                0x00000e0c        0x4 .\CortexM3\ARM_GCC_493\Debug\ZumoBot.a(ADC_Battery_INT.o)
                0x00000e0c                ADC_Battery_ISR
 .text.BatteryLed_Write
                0x00000e10       0x18 .\CortexM3\ARM_GCC_493\Debug\ZumoBot.a(BatteryLed.o)
                0x00000e10                BatteryLed_Write
 .text.IR_receiver_Read
                0x00000e28        0xc .\CortexM3\ARM_GCC_493\Debug\ZumoBot.a(IR_receiver.o)
                0x00000e28                IR_receiver_Read
 .text.UART_1_IntClock_Start
                0x00000e34       0x1c .\CortexM3\ARM_GCC_493\Debug\ZumoBot.a(UART_1_IntClock.o)
                0x00000e34                UART_1_IntClock_Start
 .text.ADC_Battery_theACLK_SetModeRegister
                0x00000e50       0x14 .\CortexM3\ARM_GCC_493\Debug\ZumoBot.a(ADC_Battery_theACLK.o)
                0x00000e50                ADC_Battery_theACLK_SetModeRegister
 .text.L3_Write
                0x00000e64       0x18 .\CortexM3\ARM_GCC_493\Debug\ZumoBot.a(L3.o)
                0x00000e64                L3_Write
 .text.L3_SetDriveMode
                0x00000e7c       0x18 .\CortexM3\ARM_GCC_493\Debug\ZumoBot.a(L3.o)
                0x00000e7c                L3_SetDriveMode
 .text.Timer_L3_Enable
                0x00000e94       0x28 .\CortexM3\ARM_GCC_493\Debug\ZumoBot.a(Timer_L3.o)
                0x00000e94                Timer_L3_Enable
 .text.Timer_L3_SetInterruptMode
                0x00000ebc        0xc .\CortexM3\ARM_GCC_493\Debug\ZumoBot.a(Timer_L3.o)
                0x00000ebc                Timer_L3_SetInterruptMode
 .text.Timer_L3_ReadStatusRegister
                0x00000ec8        0xc .\CortexM3\ARM_GCC_493\Debug\ZumoBot.a(Timer_L3.o)
                0x00000ec8                Timer_L3_ReadStatusRegister
 .text.Timer_L3_ReadPeriod
                0x00000ed4        0xc .\CortexM3\ARM_GCC_493\Debug\ZumoBot.a(Timer_L3.o)
                0x00000ed4                Timer_L3_ReadPeriod
 .text.Timer_L3_WritePeriod
                0x00000ee0        0xc .\CortexM3\ARM_GCC_493\Debug\ZumoBot.a(Timer_L3.o)
                0x00000ee0                Timer_L3_WritePeriod
 .text.Timer_L3_ReadCapture
                0x00000eec        0xc .\CortexM3\ARM_GCC_493\Debug\ZumoBot.a(Timer_L3.o)
                0x00000eec                Timer_L3_ReadCapture
 .text.Timer_L3_WriteCounter
                0x00000ef8        0xc .\CortexM3\ARM_GCC_493\Debug\ZumoBot.a(Timer_L3.o)
                0x00000ef8                Timer_L3_WriteCounter
 .text.Timer_L3_Init
                0x00000f04       0x68 .\CortexM3\ARM_GCC_493\Debug\ZumoBot.a(Timer_L3.o)
                0x00000f04                Timer_L3_Init
 .text.Timer_L3_Start
                0x00000f6c       0x1c .\CortexM3\ARM_GCC_493\Debug\ZumoBot.a(Timer_L3.o)
                0x00000f6c                Timer_L3_Start
 .text.Timer_R3_Enable
                0x00000f88       0x28 .\CortexM3\ARM_GCC_493\Debug\ZumoBot.a(Timer_R3.o)
                0x00000f88                Timer_R3_Enable
 .text.Timer_R3_SetInterruptMode
                0x00000fb0        0xc .\CortexM3\ARM_GCC_493\Debug\ZumoBot.a(Timer_R3.o)
                0x00000fb0                Timer_R3_SetInterruptMode
 .text.Timer_R3_ReadStatusRegister
                0x00000fbc        0xc .\CortexM3\ARM_GCC_493\Debug\ZumoBot.a(Timer_R3.o)
                0x00000fbc                Timer_R3_ReadStatusRegister
 .text.Timer_R3_ReadPeriod
                0x00000fc8        0xc .\CortexM3\ARM_GCC_493\Debug\ZumoBot.a(Timer_R3.o)
                0x00000fc8                Timer_R3_ReadPeriod
 .text.Timer_R3_WritePeriod
                0x00000fd4        0xc .\CortexM3\ARM_GCC_493\Debug\ZumoBot.a(Timer_R3.o)
                0x00000fd4                Timer_R3_WritePeriod
 .text.Timer_R3_ReadCapture
                0x00000fe0        0xc .\CortexM3\ARM_GCC_493\Debug\ZumoBot.a(Timer_R3.o)
                0x00000fe0                Timer_R3_ReadCapture
 .text.Timer_R3_WriteCounter
                0x00000fec        0xc .\CortexM3\ARM_GCC_493\Debug\ZumoBot.a(Timer_R3.o)
                0x00000fec                Timer_R3_WriteCounter
 .text.Timer_R3_Init
                0x00000ff8       0x68 .\CortexM3\ARM_GCC_493\Debug\ZumoBot.a(Timer_R3.o)
                0x00000ff8                Timer_R3_Init
 .text.Timer_R3_Start
                0x00001060       0x1c .\CortexM3\ARM_GCC_493\Debug\ZumoBot.a(Timer_R3.o)
                0x00001060                Timer_R3_Start
 .text.Timer_R1_Enable
                0x0000107c       0x28 .\CortexM3\ARM_GCC_493\Debug\ZumoBot.a(Timer_R1.o)
                0x0000107c                Timer_R1_Enable
 .text.Timer_R1_SetInterruptMode
                0x000010a4        0xc .\CortexM3\ARM_GCC_493\Debug\ZumoBot.a(Timer_R1.o)
                0x000010a4                Timer_R1_SetInterruptMode
 .text.Timer_R1_ReadStatusRegister
                0x000010b0        0xc .\CortexM3\ARM_GCC_493\Debug\ZumoBot.a(Timer_R1.o)
                0x000010b0                Timer_R1_ReadStatusRegister
 .text.Timer_R1_ReadPeriod
                0x000010bc        0xc .\CortexM3\ARM_GCC_493\Debug\ZumoBot.a(Timer_R1.o)
                0x000010bc                Timer_R1_ReadPeriod
 .text.Timer_R1_WritePeriod
                0x000010c8        0xc .\CortexM3\ARM_GCC_493\Debug\ZumoBot.a(Timer_R1.o)
                0x000010c8                Timer_R1_WritePeriod
 .text.Timer_R1_ReadCapture
                0x000010d4        0xc .\CortexM3\ARM_GCC_493\Debug\ZumoBot.a(Timer_R1.o)
                0x000010d4                Timer_R1_ReadCapture
 .text.Timer_R1_WriteCounter
                0x000010e0        0xc .\CortexM3\ARM_GCC_493\Debug\ZumoBot.a(Timer_R1.o)
                0x000010e0                Timer_R1_WriteCounter
 .text.Timer_R1_Init
                0x000010ec       0x68 .\CortexM3\ARM_GCC_493\Debug\ZumoBot.a(Timer_R1.o)
                0x000010ec                Timer_R1_Init
 .text.Timer_R1_Start
                0x00001154       0x1c .\CortexM3\ARM_GCC_493\Debug\ZumoBot.a(Timer_R1.o)
                0x00001154                Timer_R1_Start
 .text.R1_Write
                0x00001170       0x18 .\CortexM3\ARM_GCC_493\Debug\ZumoBot.a(R1.o)
                0x00001170                R1_Write
 .text.R1_SetDriveMode
                0x00001188       0x18 .\CortexM3\ARM_GCC_493\Debug\ZumoBot.a(R1.o)
                0x00001188                R1_SetDriveMode
 .text.R3_Write
                0x000011a0       0x18 .\CortexM3\ARM_GCC_493\Debug\ZumoBot.a(R3.o)
                0x000011a0                R3_Write
 .text.R3_SetDriveMode
                0x000011b8       0x18 .\CortexM3\ARM_GCC_493\Debug\ZumoBot.a(R3.o)
                0x000011b8                R3_SetDriveMode
 .text.Timer_L1_Enable
                0x000011d0       0x28 .\CortexM3\ARM_GCC_493\Debug\ZumoBot.a(Timer_L1.o)
                0x000011d0                Timer_L1_Enable
 .text.Timer_L1_SetInterruptMode
                0x000011f8        0xc .\CortexM3\ARM_GCC_493\Debug\ZumoBot.a(Timer_L1.o)
                0x000011f8                Timer_L1_SetInterruptMode
 .text.Timer_L1_ReadStatusRegister
                0x00001204        0xc .\CortexM3\ARM_GCC_493\Debug\ZumoBot.a(Timer_L1.o)
                0x00001204                Timer_L1_ReadStatusRegister
 .text.Timer_L1_ReadPeriod
                0x00001210        0xc .\CortexM3\ARM_GCC_493\Debug\ZumoBot.a(Timer_L1.o)
                0x00001210                Timer_L1_ReadPeriod
 .text.Timer_L1_WritePeriod
                0x0000121c        0xc .\CortexM3\ARM_GCC_493\Debug\ZumoBot.a(Timer_L1.o)
                0x0000121c                Timer_L1_WritePeriod
 .text.Timer_L1_ReadCapture
                0x00001228        0xc .\CortexM3\ARM_GCC_493\Debug\ZumoBot.a(Timer_L1.o)
                0x00001228                Timer_L1_ReadCapture
 .text.Timer_L1_WriteCounter
                0x00001234        0xc .\CortexM3\ARM_GCC_493\Debug\ZumoBot.a(Timer_L1.o)
                0x00001234                Timer_L1_WriteCounter
 .text.Timer_L1_Init
                0x00001240       0x68 .\CortexM3\ARM_GCC_493\Debug\ZumoBot.a(Timer_L1.o)
                0x00001240                Timer_L1_Init
 .text.Timer_L1_Start
                0x000012a8       0x1c .\CortexM3\ARM_GCC_493\Debug\ZumoBot.a(Timer_L1.o)
                0x000012a8                Timer_L1_Start
 .text.L1_Write
                0x000012c4       0x18 .\CortexM3\ARM_GCC_493\Debug\ZumoBot.a(L1.o)
                0x000012c4                L1_Write
 .text.L1_SetDriveMode
                0x000012dc       0x18 .\CortexM3\ARM_GCC_493\Debug\ZumoBot.a(L1.o)
                0x000012dc                L1_SetDriveMode
 *fill*         0x000012f4        0x4 
 .text          0x000012f8       0x20 .\CortexM3\ARM_GCC_493\Debug\ZumoBot.a(CyBootAsmGnu.o)
                0x000012f8                CyDelayCycles
                0x00001308                CyEnterCriticalSection
                0x00001310                CyExitCriticalSection
 .text          0x00001318      0x21c c:/program files (x86)/cypress/psoc creator/4.0/psoc creator/import/gnu/arm/4.9.3/bin/../lib/gcc/arm-none-eabi/4.9.3/armv7-m\libgcc.a(_arm_addsubsf3.o)
                0x00001318                __aeabi_frsub
                0x00001320                __subsf3
                0x00001320                __aeabi_fsub
                0x00001324                __aeabi_fadd
                0x00001324                __addsf3
                0x00001484                __aeabi_ui2f
                0x00001484                __floatunsisf
                0x0000148c                __aeabi_i2f
                0x0000148c                __floatsisf
                0x000014a8                __aeabi_ul2f
                0x000014a8                __floatundisf
                0x000014b8                __aeabi_l2f
                0x000014b8                __floatdisf
 .text          0x00001534      0x2a0 c:/program files (x86)/cypress/psoc creator/4.0/psoc creator/import/gnu/arm/4.9.3/bin/../lib/gcc/arm-none-eabi/4.9.3/armv7-m\libgcc.a(_arm_muldivsf3.o)
                0x00001534                __mulsf3
                0x00001534                __aeabi_fmul
                0x0000169c                __aeabi_fdiv
                0x0000169c                __divsf3
 .text          0x000017d4       0xec c:/program files (x86)/cypress/psoc creator/4.0/psoc creator/import/gnu/arm/4.9.3/bin/../lib/gcc/arm-none-eabi/4.9.3/armv7-m\libgcc.a(_arm_cmpsf2.o)
                0x000017d4                __gesf2
                0x000017d4                __gtsf2
                0x000017dc                __lesf2
                0x000017dc                __ltsf2
                0x000017e4                __nesf2
                0x000017e4                __eqsf2
                0x000017e4                __cmpsf2
                0x00001844                __aeabi_cfrcmple
                0x0000184c                __aeabi_cfcmpeq
                0x0000184c                __aeabi_cfcmple
                0x0000185c                __aeabi_fcmpeq
                0x00001870                __aeabi_fcmplt
                0x00001884                __aeabi_fcmple
                0x00001898                __aeabi_fcmpge
                0x000018ac                __aeabi_fcmpgt
 .text.__errno  0x000018c0        0xc c:/program files (x86)/cypress/psoc creator/4.0/psoc creator/import/gnu/arm/4.9.3/bin/../lib/gcc/arm-none-eabi/4.9.3/../../../../arm-none-eabi/lib/armv7-m\libg.a(lib_a-errno.o)
                0x000018c0                __errno
 .text.__libc_init_array
                0x000018cc       0x50 c:/program files (x86)/cypress/psoc creator/4.0/psoc creator/import/gnu/arm/4.9.3/bin/../lib/gcc/arm-none-eabi/4.9.3/../../../../arm-none-eabi/lib/armv7-m\libg.a(lib_a-init.o)
                0x000018cc                __libc_init_array
 .text          0x0000191c       0xec c:/program files (x86)/cypress/psoc creator/4.0/psoc creator/import/gnu/arm/4.9.3/bin/../lib/gcc/arm-none-eabi/4.9.3/../../../../arm-none-eabi/lib/armv7-m\libg.a(lib_a-memcpy.o)
                0x0000191c                memcpy
 .text.memset   0x00001a08       0x9c c:/program files (x86)/cypress/psoc creator/4.0/psoc creator/import/gnu/arm/4.9.3/bin/../lib/gcc/arm-none-eabi/4.9.3/../../../../arm-none-eabi/lib/armv7-m\libg.a(lib_a-memset.o)
                0x00001a08                memset
 .text.startup.register_fini
                0x00001aa4       0x14 c:/program files (x86)/cypress/psoc creator/4.0/psoc creator/import/gnu/arm/4.9.3/bin/../lib/gcc/arm-none-eabi/4.9.3/../../../../arm-none-eabi/lib/armv7-m\libg.a(lib_a-__call_atexit.o)
 .text.atexit   0x00001ab8        0xc c:/program files (x86)/cypress/psoc creator/4.0/psoc creator/import/gnu/arm/4.9.3/bin/../lib/gcc/arm-none-eabi/4.9.3/../../../../arm-none-eabi/lib/armv7-m\libg.a(lib_a-atexit.o)
                0x00001ab8                atexit
 .text.__libc_fini_array
                0x00001ac4       0x2c c:/program files (x86)/cypress/psoc creator/4.0/psoc creator/import/gnu/arm/4.9.3/bin/../lib/gcc/arm-none-eabi/4.9.3/../../../../arm-none-eabi/lib/armv7-m\libg.a(lib_a-fini.o)
                0x00001ac4                __libc_fini_array
 .text.__register_exitproc
                0x00001af0       0xa4 c:/program files (x86)/cypress/psoc creator/4.0/psoc creator/import/gnu/arm/4.9.3/bin/../lib/gcc/arm-none-eabi/4.9.3/../../../../arm-none-eabi/lib/armv7-m\libg.a(lib_a-__atexit.o)
                0x00001af0                __register_exitproc
 *(.plt)
 *(.gnu.warning)
 *(.glue_7t)
 .glue_7t       0x00000000        0x0 linker stubs
 *(.glue_7)
 .glue_7        0x00000000        0x0 linker stubs
 *(.vfp11_veneer)
 .vfp11_veneer  0x00000000        0x0 linker stubs
 *(.bootloader)
 *(.ARM.extab* .gnu.linkonce.armextab.*)
 *(.gcc_except_table)

.v4_bx          0x00001b94        0x0
 .v4_bx         0x00000000        0x0 linker stubs

.iplt           0x00001b94        0x0
 .iplt          0x00000000        0x0 c:/program files (x86)/cypress/psoc creator/4.0/psoc creator/import/gnu/arm/4.9.3/bin/../lib/gcc/arm-none-eabi/4.9.3/armv7-m/crtbegin.o

.eh_frame_hdr
 *(.eh_frame_hdr)

.eh_frame       0x00001b94        0x4
 *(.eh_frame)
 .eh_frame      0x00001b94        0x0 c:/program files (x86)/cypress/psoc creator/4.0/psoc creator/import/gnu/arm/4.9.3/bin/../lib/gcc/arm-none-eabi/4.9.3/armv7-m/crtbegin.o
 .eh_frame      0x00001b94        0x4 c:/program files (x86)/cypress/psoc creator/4.0/psoc creator/import/gnu/arm/4.9.3/bin/../lib/gcc/arm-none-eabi/4.9.3/armv7-m/crtend.o
                0x00001b98                PROVIDE (__exidx_start, .)

.ARM.exidx
 *(.ARM.exidx* .gnu.linkonce.armexidx.*)
                0x00001b98                __exidx_end = .

.rodata         0x00001b98       0x80
 *(.rodata .rodata.* .gnu.linkonce.r.*)
 .rodata        0x00001b98       0x3c .\CortexM3\ARM_GCC_493\Debug\ZumoBot.a(cyfitter_cfg.o)
 .rodata.str1.4
                0x00001bd4        0x4 c:/program files (x86)/cypress/psoc creator/4.0/psoc creator/import/gnu/arm/4.9.3/bin/../lib/gcc/arm-none-eabi/4.9.3/../../../../arm-none-eabi/lib/armv7-m\libg.a(lib_a-impure.o)
 .rodata._global_impure_ptr
                0x00001bd8        0x4 c:/program files (x86)/cypress/psoc creator/4.0/psoc creator/import/gnu/arm/4.9.3/bin/../lib/gcc/arm-none-eabi/4.9.3/../../../../arm-none-eabi/lib/armv7-m\libg.a(lib_a-impure.o)
                0x00001bd8                _global_impure_ptr
                0x00001bdc                . = ALIGN (0x4)
 *(.init)
 .init          0x00001bdc        0x4 c:/program files (x86)/cypress/psoc creator/4.0/psoc creator/import/gnu/arm/4.9.3/bin/../lib/gcc/arm-none-eabi/4.9.3/armv7-m/crti.o
                0x00001bdc                _init
 .init          0x00001be0        0x8 c:/program files (x86)/cypress/psoc creator/4.0/psoc creator/import/gnu/arm/4.9.3/bin/../lib/gcc/arm-none-eabi/4.9.3/armv7-m/crtn.o
                0x00001be8                . = ALIGN (0x4)
                0x00001be8                __preinit_array_start = .
 *(.preinit_array)
                0x00001be8                __preinit_array_end = .
                0x00001be8                . = ALIGN (0x4)
                0x00001be8                __init_array_start = .
 *(SORT(.init_array.*))
 .init_array.00000
                0x00001be8        0x4 c:/program files (x86)/cypress/psoc creator/4.0/psoc creator/import/gnu/arm/4.9.3/bin/../lib/gcc/arm-none-eabi/4.9.3/../../../../arm-none-eabi/lib/armv7-m\libg.a(lib_a-__call_atexit.o)
 *(.init_array)
 .init_array    0x00001bec        0x4 c:/program files (x86)/cypress/psoc creator/4.0/psoc creator/import/gnu/arm/4.9.3/bin/../lib/gcc/arm-none-eabi/4.9.3/armv7-m/crtbegin.o
 .init_array    0x00001bf0        0x4 .\CortexM3\ARM_GCC_493\Debug\Cm3Start.o
                0x00001bf4                __init_array_end = .
                0x00001bf4                . = ALIGN (0x4)
 *(.fini)
 .fini          0x00001bf4        0x4 c:/program files (x86)/cypress/psoc creator/4.0/psoc creator/import/gnu/arm/4.9.3/bin/../lib/gcc/arm-none-eabi/4.9.3/armv7-m/crti.o
                0x00001bf4                _fini
 .fini          0x00001bf8        0x8 c:/program files (x86)/cypress/psoc creator/4.0/psoc creator/import/gnu/arm/4.9.3/bin/../lib/gcc/arm-none-eabi/4.9.3/armv7-m/crtn.o
                0x00001c00                . = ALIGN (0x4)
                0x00001c00                __fini_array_start = .
 *(.fini_array)
 .fini_array    0x00001c00        0x4 c:/program files (x86)/cypress/psoc creator/4.0/psoc creator/import/gnu/arm/4.9.3/bin/../lib/gcc/arm-none-eabi/4.9.3/armv7-m/crtbegin.o
 *(SORT(.fini_array.*))
                0x00001c04                __fini_array_end = .
                0x00001c04                . = ALIGN (0x4)
 *crtbegin.o(.ctors)
 *(EXCLUDE_FILE(*crtend.o) .ctors)
 *(SORT(.ctors.*))
 *crtend.o(.ctors)
                0x00001c04                . = ALIGN (0x4)
 *crtbegin.o(.dtors)
 *(EXCLUDE_FILE(*crtend.o) .dtors)
 *(SORT(.dtors.*))
 *crtend.o(.dtors)
                0x00001c04                . = ALIGN (0x4)
                0x00001c04                __cy_regions = .
                0x00001c04        0x4 LONG 0x1c18 __cy_region_init_ram
                0x00001c08        0x4 LONG 0x1fff8108 __cy_region_start_data
                0x00001c0c        0x4 LONG 0x450 __cy_region_init_size_ram
                0x00001c10        0x4 LONG 0x40 __cy_region_zero_size_ram
                0x00001c14                __cy_regions_end = .
                0x00001c18                . = ALIGN (0x8)
 *fill*         0x00001c14        0x4 
                0x00001c18                _etext = .

.cy_checksum_exclude
                0x00001c18        0x0
 *(.cy_checksum_exclude)

.ramvectors     0x1fff8000      0x100
                0x1fff8000                __cy_region_start_ram = .
 *(.ramvectors)
 .ramvectors    0x1fff8000      0x100 .\CortexM3\ARM_GCC_493\Debug\Cm3Start.o
                0x1fff8000                CyRamVectors

.noinit         0x1fff8100        0x5
 *(.noinit)
 .noinit        0x1fff8100        0x4 .\CortexM3\ARM_GCC_493\Debug\Cm3Start.o
 .noinit        0x1fff8104        0x1 .\CortexM3\ARM_GCC_493\Debug\ZumoBot.a(CyLib.o)
                0x1fff8104                CyResetStatus

.data           0x1fff8108      0x450 load address 0x00001c18
                0x1fff8108                __cy_region_start_data = .
 *(.jcr)
 .jcr           0x1fff8108        0x0 c:/program files (x86)/cypress/psoc creator/4.0/psoc creator/import/gnu/arm/4.9.3/bin/../lib/gcc/arm-none-eabi/4.9.3/armv7-m/crtbegin.o
 .jcr           0x1fff8108        0x4 c:/program files (x86)/cypress/psoc creator/4.0/psoc creator/import/gnu/arm/4.9.3/bin/../lib/gcc/arm-none-eabi/4.9.3/armv7-m/crtend.o
 *(.got.plt)
 *(.got)
 *(.shdata)
 *(.data .data.* .gnu.linkonce.d.*)
 .data          0x1fff810c        0x8 .\CortexM3\ARM_GCC_493\Debug\Reflectance.o
 .data          0x1fff8114       0x10 .\CortexM3\ARM_GCC_493\Debug\ZumoBot.a(CyLib.o)
                0x1fff8114                cydelay_32k_ms
                0x1fff8118                cydelay_freq_khz
                0x1fff811c                cydelay_freq_mhz
                0x1fff8120                cydelay_freq_hz
 *fill*         0x1fff8124        0x4 
 .data.impure_data
                0x1fff8128      0x428 c:/program files (x86)/cypress/psoc creator/4.0/psoc creator/import/gnu/arm/4.9.3/bin/../lib/gcc/arm-none-eabi/4.9.3/../../../../arm-none-eabi/lib/armv7-m\libg.a(lib_a-impure.o)
 .data._impure_ptr
                0x1fff8550        0x4 c:/program files (x86)/cypress/psoc creator/4.0/psoc creator/import/gnu/arm/4.9.3/bin/../lib/gcc/arm-none-eabi/4.9.3/../../../../arm-none-eabi/lib/armv7-m\libg.a(lib_a-impure.o)
                0x1fff8550                _impure_ptr
                0x1fff8558                . = ALIGN (0x8)
 *fill*         0x1fff8554        0x4 
 *(.ram)
                0x1fff8558                _edata = .

.igot.plt       0x1fff8558        0x0 load address 0x00002068
 .igot.plt      0x00000000        0x0 c:/program files (x86)/cypress/psoc creator/4.0/psoc creator/import/gnu/arm/4.9.3/bin/../lib/gcc/arm-none-eabi/4.9.3/armv7-m/crtbegin.o

.bss            0x1fff8558       0x40 load address 0x00002068
                0x1fff8558                PROVIDE (__bss_start__, .)
 *(.shbss)
 *(.bss .bss.* .gnu.linkonce.b.*)
 .bss           0x1fff8558       0x1c c:/program files (x86)/cypress/psoc creator/4.0/psoc creator/import/gnu/arm/4.9.3/bin/../lib/gcc/arm-none-eabi/4.9.3/armv7-m/crtbegin.o
 .bss           0x1fff8574       0x10 .\CortexM3\ARM_GCC_493\Debug\Reflectance.o
 .bss           0x1fff8584        0x1 .\CortexM3\ARM_GCC_493\Debug\ZumoBot.a(PWM.o)
                0x1fff8584                PWM_initVar
 .bss           0x1fff8585        0x2 .\CortexM3\ARM_GCC_493\Debug\ZumoBot.a(UART_1.o)
                0x1fff8585                UART_1_initVar
 .bss           0x1fff8587        0x1 .\CortexM3\ARM_GCC_493\Debug\ZumoBot.a(ADC_Battery.o)
                0x1fff8587                ADC_Battery_initVar
 .bss           0x1fff8588        0x1 .\CortexM3\ARM_GCC_493\Debug\ZumoBot.a(Timer_L3.o)
                0x1fff8588                Timer_L3_initVar
 .bss           0x1fff8589        0x1 .\CortexM3\ARM_GCC_493\Debug\ZumoBot.a(Timer_R3.o)
                0x1fff8589                Timer_R3_initVar
 .bss           0x1fff858a        0x1 .\CortexM3\ARM_GCC_493\Debug\ZumoBot.a(Timer_R1.o)
                0x1fff858a                Timer_R1_initVar
 .bss           0x1fff858b        0x1 .\CortexM3\ARM_GCC_493\Debug\ZumoBot.a(Timer_L1.o)
                0x1fff858b                Timer_L1_initVar
 *(COMMON)
 COMMON         0x1fff858c        0xc .\CortexM3\ARM_GCC_493\Debug\ZumoBot.a(ADC_Battery.o)
                0x1fff858c                ADC_Battery_offset
                0x1fff858e                ADC_Battery_countsPerVolt
                0x1fff8590                ADC_Battery_shift
                0x1fff8594                ADC_Battery_countsPer10Volt
                0x1fff8598                . = ALIGN (0x8)
 *(.ram.b)
                0x1fff8598                _end = .
                0x1fff8598                __end = .
                0x1fff8598                PROVIDE (end, .)
                0x1fff8598                PROVIDE (__bss_end__, .)
                0x00001c18                __cy_region_init_ram = LOADADDR (.data)
                0x00000450                __cy_region_init_size_ram = (_edata - ADDR (.data))
                0x00000040                __cy_region_zero_size_ram = (_end - _edata)

.heap           0x1fff8598      0x800 load address 0x00002068
                0x1fff8598                . = _end
                0x1fff8d98                . = (. + 0x800)
 *fill*         0x1fff8598      0x800 
                0x1fff8d98                __cy_heap_limit = .

.stack          0x20007800      0x800
                0x20007800                __cy_stack_limit = .
                0x20008000                . = (. + 0x800)
 *fill*         0x20007800      0x800 
                0x00000001                ASSERT ((__cy_stack_limit >= __cy_heap_limit), region RAM overflowed with stack)
                0x00000000                cy_checksum_exclude_size = (CY_APPL_LOADABLE == 0x1)?SIZEOF (.cy_checksum_exclude):0x0
                0x00000001                ASSERT ((cy_checksum_exclude_size <= CY_CHECKSUM_EXCLUDE_SIZE), CY_BOOT: Section .cy_checksum_exclude size exceedes specified limit.)

.cyloadermeta
 *(.cyloadermeta)

.cyloadablemeta
 *(.cyloadablemeta)

.cyconfigecc    0x80000000      0x8b4
 *(.cyconfigecc)
 .cyconfigecc   0x80000000      0x8b4 .\CortexM3\ARM_GCC_493\Debug\cymetadata.o
                0x80000000                cy_meta_configecc

.cycustnvl      0x90000000        0x4
 *(.cycustnvl)
 .cycustnvl     0x90000000        0x4 .\CortexM3\ARM_GCC_493\Debug\cymetadata.o
                0x90000000                cy_meta_custnvl

.cywolatch      0x90100000        0x4
 *(.cywolatch)
 .cywolatch     0x90100000        0x4 .\CortexM3\ARM_GCC_493\Debug\cymetadata.o
                0x90100000                cy_meta_wonvl

.cyeeprom       0x90200000        0x0
 *(.cyeeprom)
                0x00000001                ASSERT ((. <= ((0x90200000 + ee_offset) + ee_size)), .cyeeprom data will not fit in EEPROM)

.cyflashprotect
                0x90400000      0x100
 *(.cyflashprotect)
 .cyflashprotect
                0x90400000      0x100 .\CortexM3\ARM_GCC_493\Debug\cymetadata.o
                0x90400000                cy_meta_flashprotect

.cymeta         0x90500000        0xc
 *(.cymeta)
 .cymeta        0x90500000        0xc .\CortexM3\ARM_GCC_493\Debug\cymetadata.o
                0x90500000                cy_metadata

.rel.dyn        0x00002068        0x0 load address 0x9050000c
 .rel.iplt      0x00000000        0x0 c:/program files (x86)/cypress/psoc creator/4.0/psoc creator/import/gnu/arm/4.9.3/bin/../lib/gcc/arm-none-eabi/4.9.3/armv7-m/crtbegin.o

.stab
 *(.stab)

.stabstr
 *(.stabstr)

.debug
 *(.debug)

.line
 *(.line)

.debug_srcinfo
 *(.debug_srcinfo)

.debug_sfnames
 *(.debug_sfnames)

.debug_aranges  0x00000000     0x1220
 *(.debug_aranges)
 .debug_aranges
                0x00000000       0x38 .\CortexM3\ARM_GCC_493\Debug\main.o
 .debug_aranges
                0x00000038       0x20 .\CortexM3\ARM_GCC_493\Debug\Accel.o
 .debug_aranges
                0x00000058       0x20 .\CortexM3\ARM_GCC_493\Debug\Ambient.o
 .debug_aranges
                0x00000078       0x20 .\CortexM3\ARM_GCC_493\Debug\Gyro.o
 .debug_aranges
                0x00000098       0x30 .\CortexM3\ARM_GCC_493\Debug\I2C_made.o
 .debug_aranges
                0x000000c8       0x40 .\CortexM3\ARM_GCC_493\Debug\IR.o
 .debug_aranges
                0x00000108       0x20 .\CortexM3\ARM_GCC_493\Debug\Magnet.o
 .debug_aranges
                0x00000128       0x48 .\CortexM3\ARM_GCC_493\Debug\Motor.o
 .debug_aranges
                0x00000170       0x30 .\CortexM3\ARM_GCC_493\Debug\Nunchuk.o
 .debug_aranges
                0x000001a0       0x40 .\CortexM3\ARM_GCC_493\Debug\Reflectance.o
 .debug_aranges
                0x000001e0       0x38 .\CortexM3\ARM_GCC_493\Debug\Ultra.o
 .debug_aranges
                0x00000218       0x20 .\CortexM3\ARM_GCC_493\Debug\Beep.o
 .debug_aranges
                0x00000238       0x18 .\CortexM3\ARM_GCC_493\Debug\cymetadata.o
 .debug_aranges
                0x00000250       0x48 .\CortexM3\ARM_GCC_493\Debug\Cm3Start.o
 .debug_aranges
                0x00000298       0x58 .\CortexM3\ARM_GCC_493\Debug\ZumoBot.a(cyfitter_cfg.o)
 .debug_aranges
                0x000002f0       0xa8 .\CortexM3\ARM_GCC_493\Debug\ZumoBot.a(PWM.o)
 .debug_aranges
                0x00000398       0x38 .\CortexM3\ARM_GCC_493\Debug\ZumoBot.a(I2C.o)
 .debug_aranges
                0x000003d0       0x20 .\CortexM3\ARM_GCC_493\Debug\ZumoBot.a(I2C_INT.o)
 .debug_aranges
                0x000003f0       0x38 .\CortexM3\ARM_GCC_493\Debug\ZumoBot.a(I2C_PM.o)
 .debug_aranges
                0x00000428       0x80 .\CortexM3\ARM_GCC_493\Debug\ZumoBot.a(I2C_MASTER.o)
 .debug_aranges
                0x000004a8      0x2a0 .\CortexM3\ARM_GCC_493\Debug\ZumoBot.a(CyLib.o)
 .debug_aranges
                0x00000748       0x98 .\CortexM3\ARM_GCC_493\Debug\ZumoBot.a(cyPm.o)
 .debug_aranges
                0x000007e0       0x38 .\CortexM3\ARM_GCC_493\Debug\ZumoBot.a(MotorDirLeft.o)
 .debug_aranges
                0x00000818       0x38 .\CortexM3\ARM_GCC_493\Debug\ZumoBot.a(MotorDirRight.o)
 .debug_aranges
                0x00000850       0x38 .\CortexM3\ARM_GCC_493\Debug\ZumoBot.a(IR_led.o)
 .debug_aranges
                0x00000888       0x80 .\CortexM3\ARM_GCC_493\Debug\ZumoBot.a(sensor_isr.o)
 .debug_aranges
                0x00000908       0xf0 .\CortexM3\ARM_GCC_493\Debug\ZumoBot.a(UART_1.o)
 .debug_aranges
                0x000009f8       0xa8 .\CortexM3\ARM_GCC_493\Debug\ZumoBot.a(ADC_Battery.o)
 .debug_aranges
                0x00000aa0       0x20 .\CortexM3\ARM_GCC_493\Debug\ZumoBot.a(ADC_Battery_INT.o)
 .debug_aranges
                0x00000ac0       0x38 .\CortexM3\ARM_GCC_493\Debug\ZumoBot.a(BatteryLed.o)
 .debug_aranges
                0x00000af8       0x38 .\CortexM3\ARM_GCC_493\Debug\ZumoBot.a(IR_receiver.o)
 .debug_aranges
                0x00000b30       0x38 .\CortexM3\ARM_GCC_493\Debug\ZumoBot.a(Trig.o)
 .debug_aranges
                0x00000b68       0x88 .\CortexM3\ARM_GCC_493\Debug\ZumoBot.a(Timer.o)
 .debug_aranges
                0x00000bf0       0x38 .\CortexM3\ARM_GCC_493\Debug\ZumoBot.a(Echo.o)
 .debug_aranges
                0x00000c28       0x80 .\CortexM3\ARM_GCC_493\Debug\ZumoBot.a(ultra_isr.o)
 .debug_aranges
                0x00000ca8       0x70 .\CortexM3\ARM_GCC_493\Debug\ZumoBot.a(UART_1_IntClock.o)
 .debug_aranges
                0x00000d18       0x70 .\CortexM3\ARM_GCC_493\Debug\ZumoBot.a(ADC_Battery_theACLK.o)
 .debug_aranges
                0x00000d88       0x80 .\CortexM3\ARM_GCC_493\Debug\ZumoBot.a(Buzzer_PWM.o)
 .debug_aranges
                0x00000e08       0x38 .\CortexM3\ARM_GCC_493\Debug\ZumoBot.a(L3.o)
 .debug_aranges
                0x00000e40       0x88 .\CortexM3\ARM_GCC_493\Debug\ZumoBot.a(Timer_L3.o)
 .debug_aranges
                0x00000ec8       0x88 .\CortexM3\ARM_GCC_493\Debug\ZumoBot.a(Timer_R3.o)
 .debug_aranges
                0x00000f50       0x88 .\CortexM3\ARM_GCC_493\Debug\ZumoBot.a(Timer_R1.o)
 .debug_aranges
                0x00000fd8       0x38 .\CortexM3\ARM_GCC_493\Debug\ZumoBot.a(R1.o)
 .debug_aranges
                0x00001010       0x38 .\CortexM3\ARM_GCC_493\Debug\ZumoBot.a(R3.o)
 .debug_aranges
                0x00001048       0x88 .\CortexM3\ARM_GCC_493\Debug\ZumoBot.a(Timer_L1.o)
 .debug_aranges
                0x000010d0       0x38 .\CortexM3\ARM_GCC_493\Debug\ZumoBot.a(L1.o)
 .debug_aranges
                0x00001108       0x20 .\CortexM3\ARM_GCC_493\Debug\ZumoBot.a(CyBootAsmGnu.o)
 .debug_aranges
                0x00001128       0x80 .\CortexM3\ARM_GCC_493\Debug\ZumoBot.a(CyFlash.o)
 .debug_aranges
                0x000011a8       0x78 .\CortexM3\ARM_GCC_493\Debug\ZumoBot.a(CySpc.o)

.debug_pubnames
 *(.debug_pubnames)

.debug_info     0x00000000     0x9a8c
 *(.debug_info .gnu.linkonce.wi.*)
 .debug_info    0x00000000      0x6c5 .\CortexM3\ARM_GCC_493\Debug\main.o
 .debug_info    0x000006c5      0x143 .\CortexM3\ARM_GCC_493\Debug\Accel.o
 .debug_info    0x00000808      0x119 .\CortexM3\ARM_GCC_493\Debug\Ambient.o
 .debug_info    0x00000921      0x103 .\CortexM3\ARM_GCC_493\Debug\Gyro.o
 .debug_info    0x00000a24      0x322 .\CortexM3\ARM_GCC_493\Debug\I2C_made.o
 .debug_info    0x00000d46      0x205 .\CortexM3\ARM_GCC_493\Debug\IR.o
 .debug_info    0x00000f4b      0x162 .\CortexM3\ARM_GCC_493\Debug\Magnet.o
 .debug_info    0x000010ad      0x386 .\CortexM3\ARM_GCC_493\Debug\Motor.o
 .debug_info    0x00001433      0x311 .\CortexM3\ARM_GCC_493\Debug\Nunchuk.o
 .debug_info    0x00001744      0x5a3 .\CortexM3\ARM_GCC_493\Debug\Reflectance.o
 .debug_info    0x00001ce7      0x6c4 .\CortexM3\ARM_GCC_493\Debug\Ultra.o
 .debug_info    0x000023ab      0x197 .\CortexM3\ARM_GCC_493\Debug\Beep.o
 .debug_info    0x00002542      0x13f .\CortexM3\ARM_GCC_493\Debug\cymetadata.o
 .debug_info    0x00002681      0x3b3 .\CortexM3\ARM_GCC_493\Debug\Cm3Start.o
 .debug_info    0x00002a34      0x64d .\CortexM3\ARM_GCC_493\Debug\ZumoBot.a(cyfitter_cfg.o)
 .debug_info    0x00003081      0x37e .\CortexM3\ARM_GCC_493\Debug\ZumoBot.a(PWM.o)
 .debug_info    0x000033ff      0x2db .\CortexM3\ARM_GCC_493\Debug\ZumoBot.a(I2C.o)
 .debug_info    0x000036da      0x17f .\CortexM3\ARM_GCC_493\Debug\ZumoBot.a(I2C_INT.o)
 .debug_info    0x00003859      0x1fe .\CortexM3\ARM_GCC_493\Debug\ZumoBot.a(I2C_PM.o)
 .debug_info    0x00003a57      0x400 .\CortexM3\ARM_GCC_493\Debug\ZumoBot.a(I2C_MASTER.o)
 .debug_info    0x00003e57     0x1385 .\CortexM3\ARM_GCC_493\Debug\ZumoBot.a(CyLib.o)
 .debug_info    0x000051dc      0xa57 .\CortexM3\ARM_GCC_493\Debug\ZumoBot.a(cyPm.o)
 .debug_info    0x00005c33      0x121 .\CortexM3\ARM_GCC_493\Debug\ZumoBot.a(MotorDirLeft.o)
 .debug_info    0x00005d54      0x11f .\CortexM3\ARM_GCC_493\Debug\ZumoBot.a(MotorDirRight.o)
 .debug_info    0x00005e73      0x11f .\CortexM3\ARM_GCC_493\Debug\ZumoBot.a(IR_led.o)
 .debug_info    0x00005f92      0x2cb .\CortexM3\ARM_GCC_493\Debug\ZumoBot.a(sensor_isr.o)
 .debug_info    0x0000625d      0x603 .\CortexM3\ARM_GCC_493\Debug\ZumoBot.a(UART_1.o)
 .debug_info    0x00006860      0x5f8 .\CortexM3\ARM_GCC_493\Debug\ZumoBot.a(ADC_Battery.o)
 .debug_info    0x00006e58       0x92 .\CortexM3\ARM_GCC_493\Debug\ZumoBot.a(ADC_Battery_INT.o)
 .debug_info    0x00006eea      0x11f .\CortexM3\ARM_GCC_493\Debug\ZumoBot.a(BatteryLed.o)
 .debug_info    0x00007009      0x121 .\CortexM3\ARM_GCC_493\Debug\ZumoBot.a(IR_receiver.o)
 .debug_info    0x0000712a      0x121 .\CortexM3\ARM_GCC_493\Debug\ZumoBot.a(Trig.o)
 .debug_info    0x0000724b      0x2ce .\CortexM3\ARM_GCC_493\Debug\ZumoBot.a(Timer.o)
 .debug_info    0x00007519      0x11f .\CortexM3\ARM_GCC_493\Debug\ZumoBot.a(Echo.o)
 .debug_info    0x00007638      0x2cb .\CortexM3\ARM_GCC_493\Debug\ZumoBot.a(ultra_isr.o)
 .debug_info    0x00007903      0x283 .\CortexM3\ARM_GCC_493\Debug\ZumoBot.a(UART_1_IntClock.o)
 .debug_info    0x00007b86      0x283 .\CortexM3\ARM_GCC_493\Debug\ZumoBot.a(ADC_Battery_theACLK.o)
 .debug_info    0x00007e09      0x272 .\CortexM3\ARM_GCC_493\Debug\ZumoBot.a(Buzzer_PWM.o)
 .debug_info    0x0000807b      0x11f .\CortexM3\ARM_GCC_493\Debug\ZumoBot.a(L3.o)
 .debug_info    0x0000819a      0x28e .\CortexM3\ARM_GCC_493\Debug\ZumoBot.a(Timer_L3.o)
 .debug_info    0x00008428      0x28e .\CortexM3\ARM_GCC_493\Debug\ZumoBot.a(Timer_R3.o)
 .debug_info    0x000086b6      0x28e .\CortexM3\ARM_GCC_493\Debug\ZumoBot.a(Timer_R1.o)
 .debug_info    0x00008944      0x11f .\CortexM3\ARM_GCC_493\Debug\ZumoBot.a(R1.o)
 .debug_info    0x00008a63      0x11f .\CortexM3\ARM_GCC_493\Debug\ZumoBot.a(R3.o)
 .debug_info    0x00008b82      0x28e .\CortexM3\ARM_GCC_493\Debug\ZumoBot.a(Timer_L1.o)
 .debug_info    0x00008e10      0x11f .\CortexM3\ARM_GCC_493\Debug\ZumoBot.a(L1.o)
 .debug_info    0x00008f2f       0x6b .\CortexM3\ARM_GCC_493\Debug\ZumoBot.a(CyBootAsmGnu.o)
 .debug_info    0x00008f9a      0x608 .\CortexM3\ARM_GCC_493\Debug\ZumoBot.a(CyFlash.o)
 .debug_info    0x000095a2      0x4ea .\CortexM3\ARM_GCC_493\Debug\ZumoBot.a(CySpc.o)

.debug_abbrev   0x00000000     0x36c4
 *(.debug_abbrev)
 .debug_abbrev  0x00000000      0x1b6 .\CortexM3\ARM_GCC_493\Debug\main.o
 .debug_abbrev  0x000001b6       0xb7 .\CortexM3\ARM_GCC_493\Debug\Accel.o
 .debug_abbrev  0x0000026d       0x95 .\CortexM3\ARM_GCC_493\Debug\Ambient.o
 .debug_abbrev  0x00000302       0xa5 .\CortexM3\ARM_GCC_493\Debug\Gyro.o
 .debug_abbrev  0x000003a7      0x171 .\CortexM3\ARM_GCC_493\Debug\I2C_made.o
 .debug_abbrev  0x00000518       0xdc .\CortexM3\ARM_GCC_493\Debug\IR.o
 .debug_abbrev  0x000005f4       0xe3 .\CortexM3\ARM_GCC_493\Debug\Magnet.o
 .debug_abbrev  0x000006d7      0x108 .\CortexM3\ARM_GCC_493\Debug\Motor.o
 .debug_abbrev  0x000007df      0x151 .\CortexM3\ARM_GCC_493\Debug\Nunchuk.o
 .debug_abbrev  0x00000930      0x151 .\CortexM3\ARM_GCC_493\Debug\Reflectance.o
 .debug_abbrev  0x00000a81      0x28e .\CortexM3\ARM_GCC_493\Debug\Ultra.o
 .debug_abbrev  0x00000d0f       0xe3 .\CortexM3\ARM_GCC_493\Debug\Beep.o
 .debug_abbrev  0x00000df2       0x77 .\CortexM3\ARM_GCC_493\Debug\cymetadata.o
 .debug_abbrev  0x00000e69      0x1f7 .\CortexM3\ARM_GCC_493\Debug\Cm3Start.o
 .debug_abbrev  0x00001060      0x212 .\CortexM3\ARM_GCC_493\Debug\ZumoBot.a(cyfitter_cfg.o)
 .debug_abbrev  0x00001272      0x14d .\CortexM3\ARM_GCC_493\Debug\ZumoBot.a(PWM.o)
 .debug_abbrev  0x000013bf      0x15c .\CortexM3\ARM_GCC_493\Debug\ZumoBot.a(I2C.o)
 .debug_abbrev  0x0000151b       0xbd .\CortexM3\ARM_GCC_493\Debug\ZumoBot.a(I2C_INT.o)
 .debug_abbrev  0x000015d8      0x12b .\CortexM3\ARM_GCC_493\Debug\ZumoBot.a(I2C_PM.o)
 .debug_abbrev  0x00001703      0x13c .\CortexM3\ARM_GCC_493\Debug\ZumoBot.a(I2C_MASTER.o)
 .debug_abbrev  0x0000183f      0x296 .\CortexM3\ARM_GCC_493\Debug\ZumoBot.a(CyLib.o)
 .debug_abbrev  0x00001ad5      0x1ed .\CortexM3\ARM_GCC_493\Debug\ZumoBot.a(cyPm.o)
 .debug_abbrev  0x00001cc2       0x90 .\CortexM3\ARM_GCC_493\Debug\ZumoBot.a(MotorDirLeft.o)
 .debug_abbrev  0x00001d52       0x90 .\CortexM3\ARM_GCC_493\Debug\ZumoBot.a(MotorDirRight.o)
 .debug_abbrev  0x00001de2       0x90 .\CortexM3\ARM_GCC_493\Debug\ZumoBot.a(IR_led.o)
 .debug_abbrev  0x00001e72      0x173 .\CortexM3\ARM_GCC_493\Debug\ZumoBot.a(sensor_isr.o)
 .debug_abbrev  0x00001fe5      0x1a2 .\CortexM3\ARM_GCC_493\Debug\ZumoBot.a(UART_1.o)
 .debug_abbrev  0x00002187      0x1eb .\CortexM3\ARM_GCC_493\Debug\ZumoBot.a(ADC_Battery.o)
 .debug_abbrev  0x00002372       0x42 .\CortexM3\ARM_GCC_493\Debug\ZumoBot.a(ADC_Battery_INT.o)
 .debug_abbrev  0x000023b4       0x90 .\CortexM3\ARM_GCC_493\Debug\ZumoBot.a(BatteryLed.o)
 .debug_abbrev  0x00002444       0x90 .\CortexM3\ARM_GCC_493\Debug\ZumoBot.a(IR_receiver.o)
 .debug_abbrev  0x000024d4       0x90 .\CortexM3\ARM_GCC_493\Debug\ZumoBot.a(Trig.o)
 .debug_abbrev  0x00002564      0x154 .\CortexM3\ARM_GCC_493\Debug\ZumoBot.a(Timer.o)
 .debug_abbrev  0x000026b8       0x90 .\CortexM3\ARM_GCC_493\Debug\ZumoBot.a(Echo.o)
 .debug_abbrev  0x00002748      0x173 .\CortexM3\ARM_GCC_493\Debug\ZumoBot.a(ultra_isr.o)
 .debug_abbrev  0x000028bb      0x139 .\CortexM3\ARM_GCC_493\Debug\ZumoBot.a(UART_1_IntClock.o)
 .debug_abbrev  0x000029f4      0x139 .\CortexM3\ARM_GCC_493\Debug\ZumoBot.a(ADC_Battery_theACLK.o)
 .debug_abbrev  0x00002b2d      0x12d .\CortexM3\ARM_GCC_493\Debug\ZumoBot.a(Buzzer_PWM.o)
 .debug_abbrev  0x00002c5a       0x90 .\CortexM3\ARM_GCC_493\Debug\ZumoBot.a(L3.o)
 .debug_abbrev  0x00002cea      0x11a .\CortexM3\ARM_GCC_493\Debug\ZumoBot.a(Timer_L3.o)
 .debug_abbrev  0x00002e04      0x11a .\CortexM3\ARM_GCC_493\Debug\ZumoBot.a(Timer_R3.o)
 .debug_abbrev  0x00002f1e      0x11a .\CortexM3\ARM_GCC_493\Debug\ZumoBot.a(Timer_R1.o)
 .debug_abbrev  0x00003038       0x90 .\CortexM3\ARM_GCC_493\Debug\ZumoBot.a(R1.o)
 .debug_abbrev  0x000030c8       0x90 .\CortexM3\ARM_GCC_493\Debug\ZumoBot.a(R3.o)
 .debug_abbrev  0x00003158      0x11a .\CortexM3\ARM_GCC_493\Debug\ZumoBot.a(Timer_L1.o)
 .debug_abbrev  0x00003272       0x90 .\CortexM3\ARM_GCC_493\Debug\ZumoBot.a(L1.o)
 .debug_abbrev  0x00003302       0x14 .\CortexM3\ARM_GCC_493\Debug\ZumoBot.a(CyBootAsmGnu.o)
 .debug_abbrev  0x00003316      0x1ed .\CortexM3\ARM_GCC_493\Debug\ZumoBot.a(CyFlash.o)
 .debug_abbrev  0x00003503      0x1c1 .\CortexM3\ARM_GCC_493\Debug\ZumoBot.a(CySpc.o)

.debug_line     0x00000000     0x4a75
 *(.debug_line)
 .debug_line    0x00000000      0x325 .\CortexM3\ARM_GCC_493\Debug\main.o
 .debug_line    0x00000325      0x179 .\CortexM3\ARM_GCC_493\Debug\Accel.o
 .debug_line    0x0000049e       0xe3 .\CortexM3\ARM_GCC_493\Debug\Ambient.o
 .debug_line    0x00000581      0x16f .\CortexM3\ARM_GCC_493\Debug\Gyro.o
 .debug_line    0x000006f0      0x1c1 .\CortexM3\ARM_GCC_493\Debug\I2C_made.o
 .debug_line    0x000008b1      0x26f .\CortexM3\ARM_GCC_493\Debug\IR.o
 .debug_line    0x00000b20      0x185 .\CortexM3\ARM_GCC_493\Debug\Magnet.o
 .debug_line    0x00000ca5      0x205 .\CortexM3\ARM_GCC_493\Debug\Motor.o
 .debug_line    0x00000eaa      0x1cd .\CortexM3\ARM_GCC_493\Debug\Nunchuk.o
 .debug_line    0x00001077      0x26f .\CortexM3\ARM_GCC_493\Debug\Reflectance.o
 .debug_line    0x000012e6      0x212 .\CortexM3\ARM_GCC_493\Debug\Ultra.o
 .debug_line    0x000014f8      0x18d .\CortexM3\ARM_GCC_493\Debug\Beep.o
 .debug_line    0x00001685       0x51 .\CortexM3\ARM_GCC_493\Debug\cymetadata.o
 .debug_line    0x000016d6      0x24f .\CortexM3\ARM_GCC_493\Debug\Cm3Start.o
 .debug_line    0x00001925      0x213 .\CortexM3\ARM_GCC_493\Debug\ZumoBot.a(cyfitter_cfg.o)
 .debug_line    0x00001b38      0x1a7 .\CortexM3\ARM_GCC_493\Debug\ZumoBot.a(PWM.o)
 .debug_line    0x00001cdf       0xd9 .\CortexM3\ARM_GCC_493\Debug\ZumoBot.a(I2C.o)
 .debug_line    0x00001db8      0x114 .\CortexM3\ARM_GCC_493\Debug\ZumoBot.a(I2C_INT.o)
 .debug_line    0x00001ecc       0xbb .\CortexM3\ARM_GCC_493\Debug\ZumoBot.a(I2C_PM.o)
 .debug_line    0x00001f87      0x1fd .\CortexM3\ARM_GCC_493\Debug\ZumoBot.a(I2C_MASTER.o)
 .debug_line    0x00002184      0x816 .\CortexM3\ARM_GCC_493\Debug\ZumoBot.a(CyLib.o)
 .debug_line    0x0000299a      0x364 .\CortexM3\ARM_GCC_493\Debug\ZumoBot.a(cyPm.o)
 .debug_line    0x00002cfe       0x99 .\CortexM3\ARM_GCC_493\Debug\ZumoBot.a(MotorDirLeft.o)
 .debug_line    0x00002d97       0x9a .\CortexM3\ARM_GCC_493\Debug\ZumoBot.a(MotorDirRight.o)
 .debug_line    0x00002e31       0x93 .\CortexM3\ARM_GCC_493\Debug\ZumoBot.a(IR_led.o)
 .debug_line    0x00002ec4      0x137 .\CortexM3\ARM_GCC_493\Debug\ZumoBot.a(sensor_isr.o)
 .debug_line    0x00002ffb      0x2c0 .\CortexM3\ARM_GCC_493\Debug\ZumoBot.a(UART_1.o)
 .debug_line    0x000032bb      0x223 .\CortexM3\ARM_GCC_493\Debug\ZumoBot.a(ADC_Battery.o)
 .debug_line    0x000034de       0x58 .\CortexM3\ARM_GCC_493\Debug\ZumoBot.a(ADC_Battery_INT.o)
 .debug_line    0x00003536       0x97 .\CortexM3\ARM_GCC_493\Debug\ZumoBot.a(BatteryLed.o)
 .debug_line    0x000035cd       0x98 .\CortexM3\ARM_GCC_493\Debug\ZumoBot.a(IR_receiver.o)
 .debug_line    0x00003665       0x91 .\CortexM3\ARM_GCC_493\Debug\ZumoBot.a(Trig.o)
 .debug_line    0x000036f6      0x159 .\CortexM3\ARM_GCC_493\Debug\ZumoBot.a(Timer.o)
 .debug_line    0x0000384f       0x91 .\CortexM3\ARM_GCC_493\Debug\ZumoBot.a(Echo.o)
 .debug_line    0x000038e0      0x136 .\CortexM3\ARM_GCC_493\Debug\ZumoBot.a(ultra_isr.o)
 .debug_line    0x00003a16      0x17e .\CortexM3\ARM_GCC_493\Debug\ZumoBot.a(UART_1_IntClock.o)
 .debug_line    0x00003b94      0x182 .\CortexM3\ARM_GCC_493\Debug\ZumoBot.a(ADC_Battery_theACLK.o)
 .debug_line    0x00003d16      0x13f .\CortexM3\ARM_GCC_493\Debug\ZumoBot.a(Buzzer_PWM.o)
 .debug_line    0x00003e55       0x8f .\CortexM3\ARM_GCC_493\Debug\ZumoBot.a(L3.o)
 .debug_line    0x00003ee4      0x156 .\CortexM3\ARM_GCC_493\Debug\ZumoBot.a(Timer_L3.o)
 .debug_line    0x0000403a      0x156 .\CortexM3\ARM_GCC_493\Debug\ZumoBot.a(Timer_R3.o)
 .debug_line    0x00004190      0x156 .\CortexM3\ARM_GCC_493\Debug\ZumoBot.a(Timer_R1.o)
 .debug_line    0x000042e6       0x8f .\CortexM3\ARM_GCC_493\Debug\ZumoBot.a(R1.o)
 .debug_line    0x00004375       0x8f .\CortexM3\ARM_GCC_493\Debug\ZumoBot.a(R3.o)
 .debug_line    0x00004404      0x156 .\CortexM3\ARM_GCC_493\Debug\ZumoBot.a(Timer_L1.o)
 .debug_line    0x0000455a       0x8f .\CortexM3\ARM_GCC_493\Debug\ZumoBot.a(L1.o)
 .debug_line    0x000045e9       0x66 .\CortexM3\ARM_GCC_493\Debug\ZumoBot.a(CyBootAsmGnu.o)
 .debug_line    0x0000464f      0x1ea .\CortexM3\ARM_GCC_493\Debug\ZumoBot.a(CyFlash.o)
 .debug_line    0x00004839      0x23c .\CortexM3\ARM_GCC_493\Debug\ZumoBot.a(CySpc.o)

.debug_frame    0x00000000     0x2cfc
 *(.debug_frame)
 .debug_frame   0x00000000       0xac .\CortexM3\ARM_GCC_493\Debug\main.o
 .debug_frame   0x000000ac       0x38 .\CortexM3\ARM_GCC_493\Debug\Accel.o
 .debug_frame   0x000000e4       0x3c .\CortexM3\ARM_GCC_493\Debug\Ambient.o
 .debug_frame   0x00000120       0x2c .\CortexM3\ARM_GCC_493\Debug\Gyro.o
 .debug_frame   0x0000014c       0x64 .\CortexM3\ARM_GCC_493\Debug\I2C_made.o
 .debug_frame   0x000001b0       0xa4 .\CortexM3\ARM_GCC_493\Debug\IR.o
 .debug_frame   0x00000254       0x2c .\CortexM3\ARM_GCC_493\Debug\Magnet.o
 .debug_frame   0x00000280       0xc8 .\CortexM3\ARM_GCC_493\Debug\Motor.o
 .debug_frame   0x00000348       0x70 .\CortexM3\ARM_GCC_493\Debug\Nunchuk.o
 .debug_frame   0x000003b8       0x90 .\CortexM3\ARM_GCC_493\Debug\Reflectance.o
 .debug_frame   0x00000448       0x74 .\CortexM3\ARM_GCC_493\Debug\Ultra.o
 .debug_frame   0x000004bc       0x30 .\CortexM3\ARM_GCC_493\Debug\Beep.o
 .debug_frame   0x000004ec       0xb8 .\CortexM3\ARM_GCC_493\Debug\Cm3Start.o
 .debug_frame   0x000005a4       0xfc .\CortexM3\ARM_GCC_493\Debug\ZumoBot.a(cyfitter_cfg.o)
 .debug_frame   0x000006a0      0x154 .\CortexM3\ARM_GCC_493\Debug\ZumoBot.a(PWM.o)
 .debug_frame   0x000007f4       0x94 .\CortexM3\ARM_GCC_493\Debug\ZumoBot.a(I2C.o)
 .debug_frame   0x00000888       0x30 .\CortexM3\ARM_GCC_493\Debug\ZumoBot.a(I2C_INT.o)
 .debug_frame   0x000008b8       0x74 .\CortexM3\ARM_GCC_493\Debug\ZumoBot.a(I2C_PM.o)
 .debug_frame   0x0000092c      0x138 .\CortexM3\ARM_GCC_493\Debug\ZumoBot.a(I2C_MASTER.o)
 .debug_frame   0x00000a64      0x738 .\CortexM3\ARM_GCC_493\Debug\ZumoBot.a(CyLib.o)
 .debug_frame   0x0000119c      0x1f8 .\CortexM3\ARM_GCC_493\Debug\ZumoBot.a(cyPm.o)
 .debug_frame   0x00001394       0x50 .\CortexM3\ARM_GCC_493\Debug\ZumoBot.a(MotorDirLeft.o)
 .debug_frame   0x000013e4       0x50 .\CortexM3\ARM_GCC_493\Debug\ZumoBot.a(MotorDirRight.o)
 .debug_frame   0x00001434       0x50 .\CortexM3\ARM_GCC_493\Debug\ZumoBot.a(IR_led.o)
 .debug_frame   0x00001484      0x104 .\CortexM3\ARM_GCC_493\Debug\ZumoBot.a(sensor_isr.o)
 .debug_frame   0x00001588      0x250 .\CortexM3\ARM_GCC_493\Debug\ZumoBot.a(UART_1.o)
 .debug_frame   0x000017d8      0x1a4 .\CortexM3\ARM_GCC_493\Debug\ZumoBot.a(ADC_Battery.o)
 .debug_frame   0x0000197c       0x20 .\CortexM3\ARM_GCC_493\Debug\ZumoBot.a(ADC_Battery_INT.o)
 .debug_frame   0x0000199c       0x50 .\CortexM3\ARM_GCC_493\Debug\ZumoBot.a(BatteryLed.o)
 .debug_frame   0x000019ec       0x50 .\CortexM3\ARM_GCC_493\Debug\ZumoBot.a(IR_receiver.o)
 .debug_frame   0x00001a3c       0x50 .\CortexM3\ARM_GCC_493\Debug\ZumoBot.a(Trig.o)
 .debug_frame   0x00001a8c      0x114 .\CortexM3\ARM_GCC_493\Debug\ZumoBot.a(Timer.o)
 .debug_frame   0x00001ba0       0x50 .\CortexM3\ARM_GCC_493\Debug\ZumoBot.a(Echo.o)
 .debug_frame   0x00001bf0      0x104 .\CortexM3\ARM_GCC_493\Debug\ZumoBot.a(ultra_isr.o)
 .debug_frame   0x00001cf4       0xe0 .\CortexM3\ARM_GCC_493\Debug\ZumoBot.a(UART_1_IntClock.o)
 .debug_frame   0x00001dd4       0xe0 .\CortexM3\ARM_GCC_493\Debug\ZumoBot.a(ADC_Battery_theACLK.o)
 .debug_frame   0x00001eb4       0xf8 .\CortexM3\ARM_GCC_493\Debug\ZumoBot.a(Buzzer_PWM.o)
 .debug_frame   0x00001fac       0x50 .\CortexM3\ARM_GCC_493\Debug\ZumoBot.a(L3.o)
 .debug_frame   0x00001ffc      0x108 .\CortexM3\ARM_GCC_493\Debug\ZumoBot.a(Timer_L3.o)
 .debug_frame   0x00002104      0x108 .\CortexM3\ARM_GCC_493\Debug\ZumoBot.a(Timer_R3.o)
 .debug_frame   0x0000220c      0x108 .\CortexM3\ARM_GCC_493\Debug\ZumoBot.a(Timer_R1.o)
 .debug_frame   0x00002314       0x50 .\CortexM3\ARM_GCC_493\Debug\ZumoBot.a(R1.o)
 .debug_frame   0x00002364       0x50 .\CortexM3\ARM_GCC_493\Debug\ZumoBot.a(R3.o)
 .debug_frame   0x000023b4      0x108 .\CortexM3\ARM_GCC_493\Debug\ZumoBot.a(Timer_L1.o)
 .debug_frame   0x000024bc       0x50 .\CortexM3\ARM_GCC_493\Debug\ZumoBot.a(L1.o)
 .debug_frame   0x0000250c      0x174 .\CortexM3\ARM_GCC_493\Debug\ZumoBot.a(CyFlash.o)
 .debug_frame   0x00002680      0x160 .\CortexM3\ARM_GCC_493\Debug\ZumoBot.a(CySpc.o)
 .debug_frame   0x000027e0       0x20 c:/program files (x86)/cypress/psoc creator/4.0/psoc creator/import/gnu/arm/4.9.3/bin/../lib/gcc/arm-none-eabi/4.9.3/../../../../arm-none-eabi/lib/armv7-m\libm.a(lib_a-w_atan2.o)
 .debug_frame   0x00002800       0x44 c:/program files (x86)/cypress/psoc creator/4.0/psoc creator/import/gnu/arm/4.9.3/bin/../lib/gcc/arm-none-eabi/4.9.3/../../../../arm-none-eabi/lib/armv7-m\libm.a(lib_a-w_pow.o)
 .debug_frame   0x00002844       0x48 c:/program files (x86)/cypress/psoc creator/4.0/psoc creator/import/gnu/arm/4.9.3/bin/../lib/gcc/arm-none-eabi/4.9.3/../../../../arm-none-eabi/lib/armv7-m\libm.a(lib_a-e_atan2.o)
 .debug_frame   0x0000288c       0x64 c:/program files (x86)/cypress/psoc creator/4.0/psoc creator/import/gnu/arm/4.9.3/bin/../lib/gcc/arm-none-eabi/4.9.3/../../../../arm-none-eabi/lib/armv7-m\libm.a(lib_a-e_pow.o)
 .debug_frame   0x000028f0       0x30 c:/program files (x86)/cypress/psoc creator/4.0/psoc creator/import/gnu/arm/4.9.3/bin/../lib/gcc/arm-none-eabi/4.9.3/../../../../arm-none-eabi/lib/armv7-m\libm.a(lib_a-e_sqrt.o)
 .debug_frame   0x00002920       0x38 c:/program files (x86)/cypress/psoc creator/4.0/psoc creator/import/gnu/arm/4.9.3/bin/../lib/gcc/arm-none-eabi/4.9.3/../../../../arm-none-eabi/lib/armv7-m\libm.a(lib_a-s_atan.o)
 .debug_frame   0x00002958       0x20 c:/program files (x86)/cypress/psoc creator/4.0/psoc creator/import/gnu/arm/4.9.3/bin/../lib/gcc/arm-none-eabi/4.9.3/../../../../arm-none-eabi/lib/armv7-m\libm.a(lib_a-s_fabs.o)
 .debug_frame   0x00002978       0x20 c:/program files (x86)/cypress/psoc creator/4.0/psoc creator/import/gnu/arm/4.9.3/bin/../lib/gcc/arm-none-eabi/4.9.3/../../../../arm-none-eabi/lib/armv7-m\libm.a(lib_a-s_finite.o)
 .debug_frame   0x00002998       0x34 c:/program files (x86)/cypress/psoc creator/4.0/psoc creator/import/gnu/arm/4.9.3/bin/../lib/gcc/arm-none-eabi/4.9.3/../../../../arm-none-eabi/lib/armv7-m\libm.a(lib_a-s_fpclassify.o)
 .debug_frame   0x000029cc       0x20 c:/program files (x86)/cypress/psoc creator/4.0/psoc creator/import/gnu/arm/4.9.3/bin/../lib/gcc/arm-none-eabi/4.9.3/../../../../arm-none-eabi/lib/armv7-m\libm.a(lib_a-s_matherr.o)
 .debug_frame   0x000029ec       0x20 c:/program files (x86)/cypress/psoc creator/4.0/psoc creator/import/gnu/arm/4.9.3/bin/../lib/gcc/arm-none-eabi/4.9.3/../../../../arm-none-eabi/lib/armv7-m\libm.a(lib_a-s_nan.o)
 .debug_frame   0x00002a0c       0x3c c:/program files (x86)/cypress/psoc creator/4.0/psoc creator/import/gnu/arm/4.9.3/bin/../lib/gcc/arm-none-eabi/4.9.3/../../../../arm-none-eabi/lib/armv7-m\libm.a(lib_a-s_rint.o)
 .debug_frame   0x00002a48       0x30 c:/program files (x86)/cypress/psoc creator/4.0/psoc creator/import/gnu/arm/4.9.3/bin/../lib/gcc/arm-none-eabi/4.9.3/../../../../arm-none-eabi/lib/armv7-m\libm.a(lib_a-s_scalbn.o)
 .debug_frame   0x00002a78       0x20 c:/program files (x86)/cypress/psoc creator/4.0/psoc creator/import/gnu/arm/4.9.3/bin/../lib/gcc/arm-none-eabi/4.9.3/../../../../arm-none-eabi/lib/armv7-m\libm.a(lib_a-s_copysign.o)
 .debug_frame   0x00002a98       0x28 c:/program files (x86)/cypress/psoc creator/4.0/psoc creator/import/gnu/arm/4.9.3/bin/../lib/gcc/arm-none-eabi/4.9.3/armv7-m\libgcc.a(_aeabi_ldivmod.o)
 .debug_frame   0x00002ac0       0x54 c:/program files (x86)/cypress/psoc creator/4.0/psoc creator/import/gnu/arm/4.9.3/bin/../lib/gcc/arm-none-eabi/4.9.3/armv7-m\libgcc.a(bpabi.o)
 .debug_frame   0x00002b14       0x34 c:/program files (x86)/cypress/psoc creator/4.0/psoc creator/import/gnu/arm/4.9.3/bin/../lib/gcc/arm-none-eabi/4.9.3/armv7-m\libgcc.a(_divdi3.o)
 .debug_frame   0x00002b48       0x34 c:/program files (x86)/cypress/psoc creator/4.0/psoc creator/import/gnu/arm/4.9.3/bin/../lib/gcc/arm-none-eabi/4.9.3/armv7-m\libgcc.a(_udivdi3.o)
 .debug_frame   0x00002b7c       0x20 c:/program files (x86)/cypress/psoc creator/4.0/psoc creator/import/gnu/arm/4.9.3/bin/../lib/gcc/arm-none-eabi/4.9.3/../../../../arm-none-eabi/lib/armv7-m\libg.a(lib_a-errno.o)
 .debug_frame   0x00002b9c       0x28 c:/program files (x86)/cypress/psoc creator/4.0/psoc creator/import/gnu/arm/4.9.3/bin/../lib/gcc/arm-none-eabi/4.9.3/../../../../arm-none-eabi/lib/armv7-m\libg.a(lib_a-exit.o)
 .debug_frame   0x00002bc4       0x2c c:/program files (x86)/cypress/psoc creator/4.0/psoc creator/import/gnu/arm/4.9.3/bin/../lib/gcc/arm-none-eabi/4.9.3/../../../../arm-none-eabi/lib/armv7-m\libg.a(lib_a-init.o)
 .debug_frame   0x00002bf0       0x34 c:/program files (x86)/cypress/psoc creator/4.0/psoc creator/import/gnu/arm/4.9.3/bin/../lib/gcc/arm-none-eabi/4.9.3/../../../../arm-none-eabi/lib/armv7-m\libg.a(lib_a-memset.o)
 .debug_frame   0x00002c24       0x50 c:/program files (x86)/cypress/psoc creator/4.0/psoc creator/import/gnu/arm/4.9.3/bin/../lib/gcc/arm-none-eabi/4.9.3/../../../../arm-none-eabi/lib/armv7-m\libg.a(lib_a-__call_atexit.o)
 .debug_frame   0x00002c74       0x20 c:/program files (x86)/cypress/psoc creator/4.0/psoc creator/import/gnu/arm/4.9.3/bin/../lib/gcc/arm-none-eabi/4.9.3/../../../../arm-none-eabi/lib/armv7-m\libg.a(lib_a-atexit.o)
 .debug_frame   0x00002c94       0x34 c:/program files (x86)/cypress/psoc creator/4.0/psoc creator/import/gnu/arm/4.9.3/bin/../lib/gcc/arm-none-eabi/4.9.3/../../../../arm-none-eabi/lib/armv7-m\libg.a(lib_a-fini.o)
 .debug_frame   0x00002cc8       0x34 c:/program files (x86)/cypress/psoc creator/4.0/psoc creator/import/gnu/arm/4.9.3/bin/../lib/gcc/arm-none-eabi/4.9.3/../../../../arm-none-eabi/lib/armv7-m\libg.a(lib_a-__atexit.o)

.debug_str      0x00000000     0x3375
 *(.debug_str)
 .debug_str     0x00000000      0x311 .\CortexM3\ARM_GCC_493\Debug\main.o
                                0x37b (size before relaxing)
 .debug_str     0x00000311       0x5e .\CortexM3\ARM_GCC_493\Debug\Accel.o
                                0x1d3 (size before relaxing)
 .debug_str     0x0000036f       0x2a .\CortexM3\ARM_GCC_493\Debug\Ambient.o
                                0x187 (size before relaxing)
 .debug_str     0x00000399       0x39 .\CortexM3\ARM_GCC_493\Debug\Gyro.o
                                0x1a9 (size before relaxing)
 .debug_str     0x000003d2       0xa1 .\CortexM3\ARM_GCC_493\Debug\I2C_made.o
                                0x232 (size before relaxing)
 .debug_str     0x00000473       0x61 .\CortexM3\ARM_GCC_493\Debug\IR.o
                                0x1e3 (size before relaxing)
 .debug_str     0x000004d4       0x1d .\CortexM3\ARM_GCC_493\Debug\Magnet.o
                                0x1b5 (size before relaxing)
 .debug_str     0x000004f1       0x90 .\CortexM3\ARM_GCC_493\Debug\Motor.o
                                0x257 (size before relaxing)
 .debug_str     0x00000581       0x52 .\CortexM3\ARM_GCC_493\Debug\Nunchuk.o
                                0x22b (size before relaxing)
 .debug_str     0x000005d3      0x258 .\CortexM3\ARM_GCC_493\Debug\Reflectance.o
                                0x45d (size before relaxing)
 .debug_str     0x0000082b      0x283 .\CortexM3\ARM_GCC_493\Debug\Ultra.o
                                0x44a (size before relaxing)
 .debug_str     0x00000aae       0x75 .\CortexM3\ARM_GCC_493\Debug\Beep.o
                                0x1f3 (size before relaxing)
 .debug_str     0x00000b23       0x75 .\CortexM3\ARM_GCC_493\Debug\cymetadata.o
                                0x1c5 (size before relaxing)
 .debug_str     0x00000b98      0x14b .\CortexM3\ARM_GCC_493\Debug\Cm3Start.o
                                0x2d9 (size before relaxing)
 .debug_str     0x00000ce3      0x17c .\CortexM3\ARM_GCC_493\Debug\ZumoBot.a(cyfitter_cfg.o)
                                0x31d (size before relaxing)
 .debug_str     0x00000e5f       0xeb .\CortexM3\ARM_GCC_493\Debug\ZumoBot.a(PWM.o)
                                0x31f (size before relaxing)
 .debug_str     0x00000f4a       0xfd .\CortexM3\ARM_GCC_493\Debug\ZumoBot.a(I2C.o)
                                0x2bd (size before relaxing)
 .debug_str     0x00001047       0x86 .\CortexM3\ARM_GCC_493\Debug\ZumoBot.a(I2C_INT.o)
                                0x22e (size before relaxing)
 .debug_str     0x000010cd       0x56 .\CortexM3\ARM_GCC_493\Debug\ZumoBot.a(I2C_PM.o)
                                0x24c (size before relaxing)
 .debug_str     0x00001123      0x129 .\CortexM3\ARM_GCC_493\Debug\ZumoBot.a(I2C_MASTER.o)
                                0x373 (size before relaxing)
 .debug_str     0x0000124c      0x7a7 .\CortexM3\ARM_GCC_493\Debug\ZumoBot.a(CyLib.o)
                                0xa16 (size before relaxing)
 .debug_str     0x000019f3      0x359 .\CortexM3\ARM_GCC_493\Debug\ZumoBot.a(cyPm.o)
                                0x6f6 (size before relaxing)
 .debug_str     0x00001d4c       0x76 .\CortexM3\ARM_GCC_493\Debug\ZumoBot.a(MotorDirLeft.o)
                                0x1e0 (size before relaxing)
 .debug_str     0x00001dc2       0x6f .\CortexM3\ARM_GCC_493\Debug\ZumoBot.a(MotorDirRight.o)
                                0x1e5 (size before relaxing)
 .debug_str     0x00001e31       0x53 .\CortexM3\ARM_GCC_493\Debug\ZumoBot.a(IR_led.o)
                                0x1c2 (size before relaxing)
 .debug_str     0x00001e84      0x119 .\CortexM3\ARM_GCC_493\Debug\ZumoBot.a(sensor_isr.o)
                                0x2bb (size before relaxing)
 .debug_str     0x00001f9d      0x2b2 .\CortexM3\ARM_GCC_493\Debug\ZumoBot.a(UART_1.o)
                                0x482 (size before relaxing)
 .debug_str     0x0000224f      0x213 .\CortexM3\ARM_GCC_493\Debug\ZumoBot.a(ADC_Battery.o)
                                0x4cb (size before relaxing)
 .debug_str     0x00002462       0x39 .\CortexM3\ARM_GCC_493\Debug\ZumoBot.a(ADC_Battery_INT.o)
                                0x17a (size before relaxing)
 .debug_str     0x0000249b       0x63 .\CortexM3\ARM_GCC_493\Debug\ZumoBot.a(BatteryLed.o)
                                0x1d6 (size before relaxing)
 .debug_str     0x000024fe       0x68 .\CortexM3\ARM_GCC_493\Debug\ZumoBot.a(IR_receiver.o)
                                0x1db (size before relaxing)
 .debug_str     0x00002566       0x4b .\CortexM3\ARM_GCC_493\Debug\ZumoBot.a(Trig.o)
                                0x1b8 (size before relaxing)
 .debug_str     0x000025b1       0xf3 .\CortexM3\ARM_GCC_493\Debug\ZumoBot.a(Timer.o)
                                0x2f4 (size before relaxing)
 .debug_str     0x000026a4       0x4c .\CortexM3\ARM_GCC_493\Debug\ZumoBot.a(Echo.o)
                                0x1b8 (size before relaxing)
 .debug_str     0x000026f0      0x10c .\CortexM3\ARM_GCC_493\Debug\ZumoBot.a(ultra_isr.o)
                                0x2ad (size before relaxing)
 .debug_str     0x000027fc      0x197 .\CortexM3\ARM_GCC_493\Debug\ZumoBot.a(UART_1_IntClock.o)
                                0x329 (size before relaxing)
 .debug_str     0x00002993      0x183 .\CortexM3\ARM_GCC_493\Debug\ZumoBot.a(ADC_Battery_theACLK.o)
                                0x359 (size before relaxing)
 .debug_str     0x00002b16      0x10b .\CortexM3\ARM_GCC_493\Debug\ZumoBot.a(Buzzer_PWM.o)
                                0x2db (size before relaxing)
 .debug_str     0x00002c21       0x33 .\CortexM3\ARM_GCC_493\Debug\ZumoBot.a(L3.o)
                                0x1ae (size before relaxing)
 .debug_str     0x00002c54      0x119 .\CortexM3\ARM_GCC_493\Debug\ZumoBot.a(Timer_L3.o)
                                0x2f4 (size before relaxing)
 .debug_str     0x00002d6d      0x10d .\CortexM3\ARM_GCC_493\Debug\ZumoBot.a(Timer_R3.o)
                                0x2f4 (size before relaxing)
 .debug_str     0x00002e7a      0x10d .\CortexM3\ARM_GCC_493\Debug\ZumoBot.a(Timer_R1.o)
                                0x2f4 (size before relaxing)
 .debug_str     0x00002f87       0x33 .\CortexM3\ARM_GCC_493\Debug\ZumoBot.a(R1.o)
                                0x1ae (size before relaxing)
 .debug_str     0x00002fba       0x33 .\CortexM3\ARM_GCC_493\Debug\ZumoBot.a(R3.o)
                                0x1ae (size before relaxing)
 .debug_str     0x00002fed      0x10d .\CortexM3\ARM_GCC_493\Debug\ZumoBot.a(Timer_L1.o)
                                0x2f4 (size before relaxing)
 .debug_str     0x000030fa       0x33 .\CortexM3\ARM_GCC_493\Debug\ZumoBot.a(L1.o)
                                0x1ae (size before relaxing)
 .debug_str     0x0000312d      0x19c .\CortexM3\ARM_GCC_493\Debug\ZumoBot.a(CyFlash.o)
                                0x370 (size before relaxing)
 .debug_str     0x000032c9       0xac .\CortexM3\ARM_GCC_493\Debug\ZumoBot.a(CySpc.o)
                                0x2f9 (size before relaxing)

.debug_loc      0x00000000     0x3469
 *(.debug_loc)
 .debug_loc     0x00000000      0x3ef .\CortexM3\ARM_GCC_493\Debug\main.o
 .debug_loc     0x000003ef       0x63 .\CortexM3\ARM_GCC_493\Debug\Accel.o
 .debug_loc     0x00000452      0x154 .\CortexM3\ARM_GCC_493\Debug\Ambient.o
 .debug_loc     0x000005a6       0x34 .\CortexM3\ARM_GCC_493\Debug\Gyro.o
 .debug_loc     0x000005da       0xe0 .\CortexM3\ARM_GCC_493\Debug\I2C_made.o
 .debug_loc     0x000006ba       0xf3 .\CortexM3\ARM_GCC_493\Debug\IR.o
 .debug_loc     0x000007ad       0x50 .\CortexM3\ARM_GCC_493\Debug\Magnet.o
 .debug_loc     0x000007fd      0x13e .\CortexM3\ARM_GCC_493\Debug\Motor.o
 .debug_loc     0x0000093b       0x44 .\CortexM3\ARM_GCC_493\Debug\Nunchuk.o
 .debug_loc     0x0000097f       0x8e .\CortexM3\ARM_GCC_493\Debug\Reflectance.o
 .debug_loc     0x00000a0d       0x2b .\CortexM3\ARM_GCC_493\Debug\Ultra.o
 .debug_loc     0x00000a38       0x3f .\CortexM3\ARM_GCC_493\Debug\Beep.o
 .debug_loc     0x00000a77      0x144 .\CortexM3\ARM_GCC_493\Debug\Cm3Start.o
 .debug_loc     0x00000bbb      0x27f .\CortexM3\ARM_GCC_493\Debug\ZumoBot.a(cyfitter_cfg.o)
 .debug_loc     0x00000e3a       0x26 .\CortexM3\ARM_GCC_493\Debug\ZumoBot.a(PWM.o)
 .debug_loc     0x00000e60       0x39 .\CortexM3\ARM_GCC_493\Debug\ZumoBot.a(I2C.o)
 .debug_loc     0x00000e99       0x29 .\CortexM3\ARM_GCC_493\Debug\ZumoBot.a(I2C_INT.o)
 .debug_loc     0x00000ec2       0x13 .\CortexM3\ARM_GCC_493\Debug\ZumoBot.a(I2C_PM.o)
 .debug_loc     0x00000ed5      0x52f .\CortexM3\ARM_GCC_493\Debug\ZumoBot.a(I2C_MASTER.o)
 .debug_loc     0x00001404      0xa11 .\CortexM3\ARM_GCC_493\Debug\ZumoBot.a(CyLib.o)
 .debug_loc     0x00001e15      0x1e4 .\CortexM3\ARM_GCC_493\Debug\ZumoBot.a(cyPm.o)
 .debug_loc     0x00001ff9       0x55 .\CortexM3\ARM_GCC_493\Debug\ZumoBot.a(MotorDirLeft.o)
 .debug_loc     0x0000204e       0x42 .\CortexM3\ARM_GCC_493\Debug\ZumoBot.a(MotorDirRight.o)
 .debug_loc     0x00002090       0x42 .\CortexM3\ARM_GCC_493\Debug\ZumoBot.a(IR_led.o)
 .debug_loc     0x000020d2       0x56 .\CortexM3\ARM_GCC_493\Debug\ZumoBot.a(sensor_isr.o)
 .debug_loc     0x00002128      0x258 .\CortexM3\ARM_GCC_493\Debug\ZumoBot.a(UART_1.o)
 .debug_loc     0x00002380      0x273 .\CortexM3\ARM_GCC_493\Debug\ZumoBot.a(ADC_Battery.o)
 .debug_loc     0x000025f3       0x42 .\CortexM3\ARM_GCC_493\Debug\ZumoBot.a(BatteryLed.o)
 .debug_loc     0x00002635       0x55 .\CortexM3\ARM_GCC_493\Debug\ZumoBot.a(IR_receiver.o)
 .debug_loc     0x0000268a       0x55 .\CortexM3\ARM_GCC_493\Debug\ZumoBot.a(Trig.o)
 .debug_loc     0x000026df       0x36 .\CortexM3\ARM_GCC_493\Debug\ZumoBot.a(Timer.o)
 .debug_loc     0x00002715       0x42 .\CortexM3\ARM_GCC_493\Debug\ZumoBot.a(Echo.o)
 .debug_loc     0x00002757       0x56 .\CortexM3\ARM_GCC_493\Debug\ZumoBot.a(ultra_isr.o)
 .debug_loc     0x000027ad      0x128 .\CortexM3\ARM_GCC_493\Debug\ZumoBot.a(UART_1_IntClock.o)
 .debug_loc     0x000028d5      0x12c .\CortexM3\ARM_GCC_493\Debug\ZumoBot.a(ADC_Battery_theACLK.o)
 .debug_loc     0x00002a01       0x13 .\CortexM3\ARM_GCC_493\Debug\ZumoBot.a(Buzzer_PWM.o)
 .debug_loc     0x00002a14       0x42 .\CortexM3\ARM_GCC_493\Debug\ZumoBot.a(L3.o)
 .debug_loc     0x00002a56       0x42 .\CortexM3\ARM_GCC_493\Debug\ZumoBot.a(R1.o)
 .debug_loc     0x00002a98       0x42 .\CortexM3\ARM_GCC_493\Debug\ZumoBot.a(R3.o)
 .debug_loc     0x00002ada       0x42 .\CortexM3\ARM_GCC_493\Debug\ZumoBot.a(L1.o)
 .debug_loc     0x00002b1c      0x300 .\CortexM3\ARM_GCC_493\Debug\ZumoBot.a(CyFlash.o)
 .debug_loc     0x00002e1c      0x64d .\CortexM3\ARM_GCC_493\Debug\ZumoBot.a(CySpc.o)

.debug_macinfo
 *(.debug_macinfo)

.debug_ranges   0x00000000      0xef8
 *(.debug_ranges)
 .debug_ranges  0x00000000       0x28 .\CortexM3\ARM_GCC_493\Debug\main.o
 .debug_ranges  0x00000028       0x10 .\CortexM3\ARM_GCC_493\Debug\Accel.o
 .debug_ranges  0x00000038       0x10 .\CortexM3\ARM_GCC_493\Debug\Ambient.o
 .debug_ranges  0x00000048       0x10 .\CortexM3\ARM_GCC_493\Debug\Gyro.o
 .debug_ranges  0x00000058       0x20 .\CortexM3\ARM_GCC_493\Debug\I2C_made.o
 .debug_ranges  0x00000078       0x30 .\CortexM3\ARM_GCC_493\Debug\IR.o
 .debug_ranges  0x000000a8       0x10 .\CortexM3\ARM_GCC_493\Debug\Magnet.o
 .debug_ranges  0x000000b8       0x38 .\CortexM3\ARM_GCC_493\Debug\Motor.o
 .debug_ranges  0x000000f0       0x20 .\CortexM3\ARM_GCC_493\Debug\Nunchuk.o
 .debug_ranges  0x00000110       0x30 .\CortexM3\ARM_GCC_493\Debug\Reflectance.o
 .debug_ranges  0x00000140       0x28 .\CortexM3\ARM_GCC_493\Debug\Ultra.o
 .debug_ranges  0x00000168       0x10 .\CortexM3\ARM_GCC_493\Debug\Beep.o
 .debug_ranges  0x00000178       0x38 .\CortexM3\ARM_GCC_493\Debug\Cm3Start.o
 .debug_ranges  0x000001b0       0x48 .\CortexM3\ARM_GCC_493\Debug\ZumoBot.a(cyfitter_cfg.o)
 .debug_ranges  0x000001f8       0x98 .\CortexM3\ARM_GCC_493\Debug\ZumoBot.a(PWM.o)
 .debug_ranges  0x00000290       0x28 .\CortexM3\ARM_GCC_493\Debug\ZumoBot.a(I2C.o)
 .debug_ranges  0x000002b8       0x10 .\CortexM3\ARM_GCC_493\Debug\ZumoBot.a(I2C_INT.o)
 .debug_ranges  0x000002c8       0x28 .\CortexM3\ARM_GCC_493\Debug\ZumoBot.a(I2C_PM.o)
 .debug_ranges  0x000002f0       0x70 .\CortexM3\ARM_GCC_493\Debug\ZumoBot.a(I2C_MASTER.o)
 .debug_ranges  0x00000360      0x290 .\CortexM3\ARM_GCC_493\Debug\ZumoBot.a(CyLib.o)
 .debug_ranges  0x000005f0       0x88 .\CortexM3\ARM_GCC_493\Debug\ZumoBot.a(cyPm.o)
 .debug_ranges  0x00000678       0x28 .\CortexM3\ARM_GCC_493\Debug\ZumoBot.a(MotorDirLeft.o)
 .debug_ranges  0x000006a0       0x28 .\CortexM3\ARM_GCC_493\Debug\ZumoBot.a(MotorDirRight.o)
 .debug_ranges  0x000006c8       0x28 .\CortexM3\ARM_GCC_493\Debug\ZumoBot.a(IR_led.o)
 .debug_ranges  0x000006f0       0x70 .\CortexM3\ARM_GCC_493\Debug\ZumoBot.a(sensor_isr.o)
 .debug_ranges  0x00000760       0xe0 .\CortexM3\ARM_GCC_493\Debug\ZumoBot.a(UART_1.o)
 .debug_ranges  0x00000840       0x98 .\CortexM3\ARM_GCC_493\Debug\ZumoBot.a(ADC_Battery.o)
 .debug_ranges  0x000008d8       0x10 .\CortexM3\ARM_GCC_493\Debug\ZumoBot.a(ADC_Battery_INT.o)
 .debug_ranges  0x000008e8       0x28 .\CortexM3\ARM_GCC_493\Debug\ZumoBot.a(BatteryLed.o)
 .debug_ranges  0x00000910       0x28 .\CortexM3\ARM_GCC_493\Debug\ZumoBot.a(IR_receiver.o)
 .debug_ranges  0x00000938       0x28 .\CortexM3\ARM_GCC_493\Debug\ZumoBot.a(Trig.o)
 .debug_ranges  0x00000960       0x78 .\CortexM3\ARM_GCC_493\Debug\ZumoBot.a(Timer.o)
 .debug_ranges  0x000009d8       0x28 .\CortexM3\ARM_GCC_493\Debug\ZumoBot.a(Echo.o)
 .debug_ranges  0x00000a00       0x70 .\CortexM3\ARM_GCC_493\Debug\ZumoBot.a(ultra_isr.o)
 .debug_ranges  0x00000a70       0x60 .\CortexM3\ARM_GCC_493\Debug\ZumoBot.a(UART_1_IntClock.o)
 .debug_ranges  0x00000ad0       0x60 .\CortexM3\ARM_GCC_493\Debug\ZumoBot.a(ADC_Battery_theACLK.o)
 .debug_ranges  0x00000b30       0x70 .\CortexM3\ARM_GCC_493\Debug\ZumoBot.a(Buzzer_PWM.o)
 .debug_ranges  0x00000ba0       0x28 .\CortexM3\ARM_GCC_493\Debug\ZumoBot.a(L3.o)
 .debug_ranges  0x00000bc8       0x78 .\CortexM3\ARM_GCC_493\Debug\ZumoBot.a(Timer_L3.o)
 .debug_ranges  0x00000c40       0x78 .\CortexM3\ARM_GCC_493\Debug\ZumoBot.a(Timer_R3.o)
 .debug_ranges  0x00000cb8       0x78 .\CortexM3\ARM_GCC_493\Debug\ZumoBot.a(Timer_R1.o)
 .debug_ranges  0x00000d30       0x28 .\CortexM3\ARM_GCC_493\Debug\ZumoBot.a(R1.o)
 .debug_ranges  0x00000d58       0x28 .\CortexM3\ARM_GCC_493\Debug\ZumoBot.a(R3.o)
 .debug_ranges  0x00000d80       0x78 .\CortexM3\ARM_GCC_493\Debug\ZumoBot.a(Timer_L1.o)
 .debug_ranges  0x00000df8       0x28 .\CortexM3\ARM_GCC_493\Debug\ZumoBot.a(L1.o)
 .debug_ranges  0x00000e20       0x70 .\CortexM3\ARM_GCC_493\Debug\ZumoBot.a(CyFlash.o)
 .debug_ranges  0x00000e90       0x68 .\CortexM3\ARM_GCC_493\Debug\ZumoBot.a(CySpc.o)

.comment        0x00000000       0x70
 .comment       0x00000000       0x70 .\CortexM3\ARM_GCC_493\Debug\main.o
                                 0x71 (size before relaxing)
 .comment       0x00000000       0x71 .\CortexM3\ARM_GCC_493\Debug\Accel.o
 .comment       0x00000000       0x71 .\CortexM3\ARM_GCC_493\Debug\Ambient.o
 .comment       0x00000000       0x71 .\CortexM3\ARM_GCC_493\Debug\Gyro.o
 .comment       0x00000000       0x71 .\CortexM3\ARM_GCC_493\Debug\I2C_made.o
 .comment       0x00000000       0x71 .\CortexM3\ARM_GCC_493\Debug\IR.o
 .comment       0x00000000       0x71 .\CortexM3\ARM_GCC_493\Debug\Magnet.o
 .comment       0x00000000       0x71 .\CortexM3\ARM_GCC_493\Debug\Motor.o
 .comment       0x00000000       0x71 .\CortexM3\ARM_GCC_493\Debug\Nunchuk.o
 .comment       0x00000000       0x71 .\CortexM3\ARM_GCC_493\Debug\Reflectance.o
 .comment       0x00000000       0x71 .\CortexM3\ARM_GCC_493\Debug\Ultra.o
 .comment       0x00000000       0x71 .\CortexM3\ARM_GCC_493\Debug\Beep.o
 .comment       0x00000000       0x71 .\CortexM3\ARM_GCC_493\Debug\cymetadata.o
 .comment       0x00000000       0x71 .\CortexM3\ARM_GCC_493\Debug\Cm3Start.o
 .comment       0x00000000       0x71 .\CortexM3\ARM_GCC_493\Debug\ZumoBot.a(cyfitter_cfg.o)
 .comment       0x00000000       0x71 .\CortexM3\ARM_GCC_493\Debug\ZumoBot.a(PWM.o)
 .comment       0x00000000       0x71 .\CortexM3\ARM_GCC_493\Debug\ZumoBot.a(I2C.o)
 .comment       0x00000000       0x71 .\CortexM3\ARM_GCC_493\Debug\ZumoBot.a(I2C_INT.o)
 .comment       0x00000000       0x71 .\CortexM3\ARM_GCC_493\Debug\ZumoBot.a(I2C_PM.o)
 .comment       0x00000000       0x71 .\CortexM3\ARM_GCC_493\Debug\ZumoBot.a(I2C_MASTER.o)
 .comment       0x00000000       0x71 .\CortexM3\ARM_GCC_493\Debug\ZumoBot.a(CyLib.o)
 .comment       0x00000000       0x71 .\CortexM3\ARM_GCC_493\Debug\ZumoBot.a(cyPm.o)
 .comment       0x00000000       0x71 .\CortexM3\ARM_GCC_493\Debug\ZumoBot.a(MotorDirLeft.o)
 .comment       0x00000000       0x71 .\CortexM3\ARM_GCC_493\Debug\ZumoBot.a(MotorDirRight.o)
 .comment       0x00000000       0x71 .\CortexM3\ARM_GCC_493\Debug\ZumoBot.a(IR_led.o)
 .comment       0x00000000       0x71 .\CortexM3\ARM_GCC_493\Debug\ZumoBot.a(sensor_isr.o)
 .comment       0x00000000       0x71 .\CortexM3\ARM_GCC_493\Debug\ZumoBot.a(UART_1.o)
 .comment       0x00000000       0x71 .\CortexM3\ARM_GCC_493\Debug\ZumoBot.a(ADC_Battery.o)
 .comment       0x00000000       0x71 .\CortexM3\ARM_GCC_493\Debug\ZumoBot.a(ADC_Battery_INT.o)
 .comment       0x00000000       0x71 .\CortexM3\ARM_GCC_493\Debug\ZumoBot.a(BatteryLed.o)
 .comment       0x00000000       0x71 .\CortexM3\ARM_GCC_493\Debug\ZumoBot.a(IR_receiver.o)
 .comment       0x00000000       0x71 .\CortexM3\ARM_GCC_493\Debug\ZumoBot.a(Trig.o)
 .comment       0x00000000       0x71 .\CortexM3\ARM_GCC_493\Debug\ZumoBot.a(Timer.o)
 .comment       0x00000000       0x71 .\CortexM3\ARM_GCC_493\Debug\ZumoBot.a(Echo.o)
 .comment       0x00000000       0x71 .\CortexM3\ARM_GCC_493\Debug\ZumoBot.a(ultra_isr.o)
 .comment       0x00000000       0x71 .\CortexM3\ARM_GCC_493\Debug\ZumoBot.a(UART_1_IntClock.o)
 .comment       0x00000000       0x71 .\CortexM3\ARM_GCC_493\Debug\ZumoBot.a(ADC_Battery_theACLK.o)
 .comment       0x00000000       0x71 .\CortexM3\ARM_GCC_493\Debug\ZumoBot.a(Buzzer_PWM.o)
 .comment       0x00000000       0x71 .\CortexM3\ARM_GCC_493\Debug\ZumoBot.a(L3.o)
 .comment       0x00000000       0x71 .\CortexM3\ARM_GCC_493\Debug\ZumoBot.a(Timer_L3.o)
 .comment       0x00000000       0x71 .\CortexM3\ARM_GCC_493\Debug\ZumoBot.a(Timer_R3.o)
 .comment       0x00000000       0x71 .\CortexM3\ARM_GCC_493\Debug\ZumoBot.a(Timer_R1.o)
 .comment       0x00000000       0x71 .\CortexM3\ARM_GCC_493\Debug\ZumoBot.a(R1.o)
 .comment       0x00000000       0x71 .\CortexM3\ARM_GCC_493\Debug\ZumoBot.a(R3.o)
 .comment       0x00000000       0x71 .\CortexM3\ARM_GCC_493\Debug\ZumoBot.a(Timer_L1.o)
 .comment       0x00000000       0x71 .\CortexM3\ARM_GCC_493\Debug\ZumoBot.a(L1.o)
 .comment       0x00000000       0x71 .\CortexM3\ARM_GCC_493\Debug\ZumoBot.a(CyFlash.o)
 .comment       0x00000000       0x71 .\CortexM3\ARM_GCC_493\Debug\ZumoBot.a(CySpc.o)

.debug_weaknames
 *(.debug_weaknames)

.debug_funcnames
 *(.debug_funcnames)

.debug_typenames
 *(.debug_typenames)

.debug_varnames
 *(.debug_varnames)

.note.gnu.arm.ident
 *(.note.gnu.arm.ident)

.ARM.attributes
                0x00000000       0x29
 *(.ARM.attributes)
 .ARM.attributes
                0x00000000       0x1d c:/program files (x86)/cypress/psoc creator/4.0/psoc creator/import/gnu/arm/4.9.3/bin/../lib/gcc/arm-none-eabi/4.9.3/armv7-m/crti.o
 .ARM.attributes
                0x0000001d       0x2d c:/program files (x86)/cypress/psoc creator/4.0/psoc creator/import/gnu/arm/4.9.3/bin/../lib/gcc/arm-none-eabi/4.9.3/armv7-m/crtbegin.o
 .ARM.attributes
                0x0000004a       0x1b c:/program files (x86)/cypress/psoc creator/4.0/psoc creator/import/gnu/arm/4.9.3/bin/../lib/gcc/arm-none-eabi/4.9.3/../../../../arm-none-eabi/lib/armv7-m/crt0.o
 .ARM.attributes
                0x00000065       0x33 .\CortexM3\ARM_GCC_493\Debug\main.o
 .ARM.attributes
                0x00000098       0x33 .\CortexM3\ARM_GCC_493\Debug\Accel.o
 .ARM.attributes
                0x000000cb       0x33 .\CortexM3\ARM_GCC_493\Debug\Ambient.o
 .ARM.attributes
                0x000000fe       0x33 .\CortexM3\ARM_GCC_493\Debug\Gyro.o
 .ARM.attributes
                0x00000131       0x33 .\CortexM3\ARM_GCC_493\Debug\I2C_made.o
 .ARM.attributes
                0x00000164       0x33 .\CortexM3\ARM_GCC_493\Debug\IR.o
 .ARM.attributes
                0x00000197       0x33 .\CortexM3\ARM_GCC_493\Debug\Magnet.o
 .ARM.attributes
                0x000001ca       0x33 .\CortexM3\ARM_GCC_493\Debug\Motor.o
 .ARM.attributes
                0x000001fd       0x33 .\CortexM3\ARM_GCC_493\Debug\Nunchuk.o
 .ARM.attributes
                0x00000230       0x33 .\CortexM3\ARM_GCC_493\Debug\Reflectance.o
 .ARM.attributes
                0x00000263       0x33 .\CortexM3\ARM_GCC_493\Debug\Ultra.o
 .ARM.attributes
                0x00000296       0x33 .\CortexM3\ARM_GCC_493\Debug\Beep.o
 .ARM.attributes
                0x000002c9       0x33 .\CortexM3\ARM_GCC_493\Debug\cymetadata.o
 .ARM.attributes
                0x000002fc       0x33 .\CortexM3\ARM_GCC_493\Debug\Cm3Start.o
 .ARM.attributes
                0x0000032f       0x33 .\CortexM3\ARM_GCC_493\Debug\ZumoBot.a(cyfitter_cfg.o)
 .ARM.attributes
                0x00000362       0x33 .\CortexM3\ARM_GCC_493\Debug\ZumoBot.a(PWM.o)
 .ARM.attributes
                0x00000395       0x33 .\CortexM3\ARM_GCC_493\Debug\ZumoBot.a(I2C.o)
 .ARM.attributes
                0x000003c8       0x33 .\CortexM3\ARM_GCC_493\Debug\ZumoBot.a(I2C_INT.o)
 .ARM.attributes
                0x000003fb       0x33 .\CortexM3\ARM_GCC_493\Debug\ZumoBot.a(I2C_PM.o)
 .ARM.attributes
                0x0000042e       0x33 .\CortexM3\ARM_GCC_493\Debug\ZumoBot.a(I2C_MASTER.o)
 .ARM.attributes
                0x00000461       0x33 .\CortexM3\ARM_GCC_493\Debug\ZumoBot.a(CyLib.o)
 .ARM.attributes
                0x00000494       0x33 .\CortexM3\ARM_GCC_493\Debug\ZumoBot.a(cyPm.o)
 .ARM.attributes
                0x000004c7       0x33 .\CortexM3\ARM_GCC_493\Debug\ZumoBot.a(MotorDirLeft.o)
 .ARM.attributes
                0x000004fa       0x33 .\CortexM3\ARM_GCC_493\Debug\ZumoBot.a(MotorDirRight.o)
 .ARM.attributes
                0x0000052d       0x33 .\CortexM3\ARM_GCC_493\Debug\ZumoBot.a(IR_led.o)
 .ARM.attributes
                0x00000560       0x33 .\CortexM3\ARM_GCC_493\Debug\ZumoBot.a(sensor_isr.o)
 .ARM.attributes
                0x00000593       0x33 .\CortexM3\ARM_GCC_493\Debug\ZumoBot.a(UART_1.o)
 .ARM.attributes
                0x000005c6       0x33 .\CortexM3\ARM_GCC_493\Debug\ZumoBot.a(ADC_Battery.o)
 .ARM.attributes
                0x000005f9       0x33 .\CortexM3\ARM_GCC_493\Debug\ZumoBot.a(ADC_Battery_INT.o)
 .ARM.attributes
                0x0000062c       0x33 .\CortexM3\ARM_GCC_493\Debug\ZumoBot.a(BatteryLed.o)
 .ARM.attributes
                0x0000065f       0x33 .\CortexM3\ARM_GCC_493\Debug\ZumoBot.a(IR_receiver.o)
 .ARM.attributes
                0x00000692       0x33 .\CortexM3\ARM_GCC_493\Debug\ZumoBot.a(Trig.o)
 .ARM.attributes
                0x000006c5       0x33 .\CortexM3\ARM_GCC_493\Debug\ZumoBot.a(Timer.o)
 .ARM.attributes
                0x000006f8       0x33 .\CortexM3\ARM_GCC_493\Debug\ZumoBot.a(Echo.o)
 .ARM.attributes
                0x0000072b       0x33 .\CortexM3\ARM_GCC_493\Debug\ZumoBot.a(ultra_isr.o)
 .ARM.attributes
                0x0000075e       0x33 .\CortexM3\ARM_GCC_493\Debug\ZumoBot.a(UART_1_IntClock.o)
 .ARM.attributes
                0x00000791       0x33 .\CortexM3\ARM_GCC_493\Debug\ZumoBot.a(ADC_Battery_theACLK.o)
 .ARM.attributes
                0x000007c4       0x33 .\CortexM3\ARM_GCC_493\Debug\ZumoBot.a(Buzzer_PWM.o)
 .ARM.attributes
                0x000007f7       0x33 .\CortexM3\ARM_GCC_493\Debug\ZumoBot.a(L3.o)
 .ARM.attributes
                0x0000082a       0x33 .\CortexM3\ARM_GCC_493\Debug\ZumoBot.a(Timer_L3.o)
 .ARM.attributes
                0x0000085d       0x33 .\CortexM3\ARM_GCC_493\Debug\ZumoBot.a(Timer_R3.o)
 .ARM.attributes
                0x00000890       0x33 .\CortexM3\ARM_GCC_493\Debug\ZumoBot.a(Timer_R1.o)
 .ARM.attributes
                0x000008c3       0x33 .\CortexM3\ARM_GCC_493\Debug\ZumoBot.a(R1.o)
 .ARM.attributes
                0x000008f6       0x33 .\CortexM3\ARM_GCC_493\Debug\ZumoBot.a(R3.o)
 .ARM.attributes
                0x00000929       0x33 .\CortexM3\ARM_GCC_493\Debug\ZumoBot.a(Timer_L1.o)
 .ARM.attributes
                0x0000095c       0x33 .\CortexM3\ARM_GCC_493\Debug\ZumoBot.a(L1.o)
 .ARM.attributes
                0x0000098f       0x21 .\CortexM3\ARM_GCC_493\Debug\ZumoBot.a(CyBootAsmGnu.o)
 .ARM.attributes
                0x000009b0       0x33 .\CortexM3\ARM_GCC_493\Debug\ZumoBot.a(CyFlash.o)
 .ARM.attributes
                0x000009e3       0x33 .\CortexM3\ARM_GCC_493\Debug\ZumoBot.a(CySpc.o)
 .ARM.attributes
                0x00000a16       0x2d c:/program files (x86)/cypress/psoc creator/4.0/psoc creator/import/gnu/arm/4.9.3/bin/../lib/gcc/arm-none-eabi/4.9.3/../../../../arm-none-eabi/lib/armv7-m\libm.a(lib_a-w_atan2.o)
 .ARM.attributes
                0x00000a43       0x2d c:/program files (x86)/cypress/psoc creator/4.0/psoc creator/import/gnu/arm/4.9.3/bin/../lib/gcc/arm-none-eabi/4.9.3/../../../../arm-none-eabi/lib/armv7-m\libm.a(lib_a-w_pow.o)
 .ARM.attributes
                0x00000a70       0x2d c:/program files (x86)/cypress/psoc creator/4.0/psoc creator/import/gnu/arm/4.9.3/bin/../lib/gcc/arm-none-eabi/4.9.3/../../../../arm-none-eabi/lib/armv7-m\libm.a(lib_a-e_atan2.o)
 .ARM.attributes
                0x00000a9d       0x2d c:/program files (x86)/cypress/psoc creator/4.0/psoc creator/import/gnu/arm/4.9.3/bin/../lib/gcc/arm-none-eabi/4.9.3/../../../../arm-none-eabi/lib/armv7-m\libm.a(lib_a-e_pow.o)
 .ARM.attributes